[2026-01-27T07:59:21.584+0000][0.019s] Using G1
[2026-01-27T07:59:21.677+0000][0.113s] Version: 17.0.17+10 (release)
[2026-01-27T07:59:21.678+0000][0.113s] CPUs: 22 total, 22 available
[2026-01-27T07:59:21.678+0000][0.114s] Memory: 7664M
[2026-01-27T07:59:21.679+0000][0.114s] Large Page Support: Disabled
[2026-01-27T07:59:21.679+0000][0.114s] NUMA Support: Disabled
[2026-01-27T07:59:21.679+0000][0.115s] Compressed Oops: Enabled (32-bit)
[2026-01-27T07:59:21.679+0000][0.115s] Heap Region Size: 1M
[2026-01-27T07:59:21.679+0000][0.115s] Heap Min Capacity: 512M
[2026-01-27T07:59:21.680+0000][0.115s] Heap Initial Capacity: 512M
[2026-01-27T07:59:21.686+0000][0.121s] Heap Max Capacity: 512M
[2026-01-27T07:59:21.686+0000][0.122s] Pre-touch: Enabled
[2026-01-27T07:59:21.686+0000][0.122s] Parallel Workers: 16
[2026-01-27T07:59:21.687+0000][0.122s] Concurrent Workers: 4
[2026-01-27T07:59:21.687+0000][0.122s] Concurrent Refinement Workers: 16
[2026-01-27T07:59:21.687+0000][0.122s] Periodic GC: Disabled
[2026-01-27T07:59:21.695+0000][0.130s] CDS archive(s) mapped at: [0x00007a3edb000000-0x00007a3edba62000-0x00007a3edba62000), size 10887168, SharedBaseAddress: 0x00007a3edb000000, ArchiveRelocationMode: 1.
[2026-01-27T07:59:21.695+0000][0.130s] Compressed class space mapped at: 0x00007a3edc000000-0x00007a3f1c000000, reserved size: 1073741824
[2026-01-27T07:59:21.695+0000][0.131s] Narrow klass base: 0x00007a3edb000000, Narrow klass shift: 0, Narrow klass range: 0x100000000
[2026-01-27T07:59:22.671+0000][1.106s] GC(0) Pause Young (Normal) (G1 Evacuation Pause)
[2026-01-27T07:59:22.671+0000][1.107s] GC(0) Using 12 workers of 16 for evacuation
[2026-01-27T07:59:22.674+0000][1.109s] GC(0)   Pre Evacuate Collection Set: 0.2ms
[2026-01-27T07:59:22.674+0000][1.109s] GC(0)   Merge Heap Roots: 0.2ms
[2026-01-27T07:59:22.674+0000][1.110s] GC(0)   Evacuate Collection Set: 1.5ms
[2026-01-27T07:59:22.674+0000][1.110s] GC(0)   Post Evacuate Collection Set: 0.5ms
[2026-01-27T07:59:22.674+0000][1.110s] GC(0)   Other: 0.9ms
[2026-01-27T07:59:22.675+0000][1.110s] GC(0) Eden regions: 29->0(61)
[2026-01-27T07:59:22.675+0000][1.110s] GC(0) Survivor regions: 0->4(4)
[2026-01-27T07:59:22.675+0000][1.110s] GC(0) Old regions: 0->0
[2026-01-27T07:59:22.675+0000][1.111s] GC(0) Archive regions: 2->2
[2026-01-27T07:59:22.675+0000][1.111s] GC(0) Humongous regions: 0->0
[2026-01-27T07:59:22.675+0000][1.111s] GC(0) Metaspace: 9816K(10048K)->9816K(10048K) NonClass: 8623K(8768K)->8623K(8768K) Class: 1193K(1280K)->1193K(1280K)
[2026-01-27T07:59:22.675+0000][1.111s] GC(0) Pause Young (Normal) (G1 Evacuation Pause) 29M->4M(512M) 4.901ms
[2026-01-27T07:59:22.676+0000][1.111s] GC(0) User=0.01s Sys=0.00s Real=0.01s
[2026-01-27T07:59:23.051+0000][1.487s] GC(1) Pause Young (Normal) (G1 Evacuation Pause)
[2026-01-27T07:59:23.052+0000][1.487s] GC(1) Using 16 workers of 16 for evacuation
[2026-01-27T07:59:23.057+0000][1.492s] GC(1)   Pre Evacuate Collection Set: 0.2ms
[2026-01-27T07:59:23.057+0000][1.493s] GC(1)   Merge Heap Roots: 0.1ms
[2026-01-27T07:59:23.057+0000][1.493s] GC(1)   Evacuate Collection Set: 3.1ms
[2026-01-27T07:59:23.057+0000][1.493s] GC(1)   Post Evacuate Collection Set: 0.8ms
[2026-01-27T07:59:23.058+0000][1.493s] GC(1)   Other: 0.8ms
[2026-01-27T07:59:23.058+0000][1.493s] GC(1) Eden regions: 61->0(80)
[2026-01-27T07:59:23.058+0000][1.494s] GC(1) Survivor regions: 4->9(9)
[2026-01-27T07:59:23.058+0000][1.494s] GC(1) Old regions: 0->6
[2026-01-27T07:59:23.058+0000][1.494s] GC(1) Archive regions: 2->2
[2026-01-27T07:59:23.059+0000][1.494s] GC(1) Humongous regions: 4->4
[2026-01-27T07:59:23.059+0000][1.494s] GC(1) Metaspace: 16823K(17152K)->16823K(17152K) NonClass: 14800K(14976K)->14800K(14976K) Class: 2022K(2176K)->2022K(2176K)
[2026-01-27T07:59:23.059+0000][1.495s] GC(1) Pause Young (Normal) (G1 Evacuation Pause) 69M->19M(512M) 7.532ms
[2026-01-27T07:59:23.059+0000][1.495s] GC(1) User=0.04s Sys=0.01s Real=0.01s
[2026-01-27T07:59:23.340+0000][1.775s] GC(2) Pause Young (Concurrent Start) (Metadata GC Threshold)
[2026-01-27T07:59:23.340+0000][1.776s] GC(2) Using 16 workers of 16 for evacuation
[2026-01-27T07:59:23.353+0000][1.789s] GC(2)   Pre Evacuate Collection Set: 0.2ms
[2026-01-27T07:59:23.354+0000][1.789s] GC(2)   Merge Heap Roots: 0.2ms
[2026-01-27T07:59:23.354+0000][1.790s] GC(2)   Evacuate Collection Set: 11.8ms
[2026-01-27T07:59:23.354+0000][1.790s] GC(2)   Post Evacuate Collection Set: 0.7ms
[2026-01-27T07:59:23.354+0000][1.790s] GC(2)   Other: 1.0ms
[2026-01-27T07:59:23.354+0000][1.790s] GC(2) Eden regions: 61->0(108)
[2026-01-27T07:59:23.354+0000][1.790s] GC(2) Survivor regions: 9->4(12)
[2026-01-27T07:59:23.354+0000][1.790s] GC(2) Old regions: 6->15
[2026-01-27T07:59:23.355+0000][1.790s] GC(2) Archive regions: 2->2
[2026-01-27T07:59:23.355+0000][1.790s] GC(2) Humongous regions: 4->4
[2026-01-27T07:59:23.355+0000][1.790s] GC(2) Metaspace: 21174K(21504K)->21174K(21504K) NonClass: 18611K(18752K)->18611K(18752K) Class: 2563K(2752K)->2563K(2752K)
[2026-01-27T07:59:23.355+0000][1.791s] GC(2) Pause Young (Concurrent Start) (Metadata GC Threshold) 79M->23M(512M) 15.601ms
[2026-01-27T07:59:23.355+0000][1.791s] GC(2) User=0.03s Sys=0.10s Real=0.02s
[2026-01-27T07:59:23.356+0000][1.791s] GC(3) Concurrent Mark Cycle
[2026-01-27T07:59:23.356+0000][1.791s] GC(3) Concurrent Clear Claimed Marks
[2026-01-27T07:59:23.356+0000][1.791s] GC(3) Concurrent Clear Claimed Marks 0.238ms
[2026-01-27T07:59:23.356+0000][1.792s] GC(3) Concurrent Scan Root Regions
[2026-01-27T07:59:23.358+0000][1.793s] GC(3) Concurrent Scan Root Regions 1.819ms
[2026-01-27T07:59:23.358+0000][1.794s] GC(3) Concurrent Mark
[2026-01-27T07:59:23.359+0000][1.794s] GC(3) Concurrent Mark From Roots
[2026-01-27T07:59:23.359+0000][1.795s] GC(3) Using 4 workers of 4 for marking
[2026-01-27T07:59:23.362+0000][1.797s] GC(3) Concurrent Mark From Roots 3.008ms
[2026-01-27T07:59:23.362+0000][1.798s] GC(3) Concurrent Preclean
[2026-01-27T07:59:23.362+0000][1.798s] GC(3) Concurrent Preclean 0.333ms
[2026-01-27T07:59:23.363+0000][1.798s] GC(3) Pause Remark
[2026-01-27T07:59:23.365+0000][1.800s] GC(3) Pause Remark 23M->23M(512M) 2.230ms
[2026-01-27T07:59:23.365+0000][1.801s] GC(3) User=0.01s Sys=0.00s Real=0.01s
[2026-01-27T07:59:23.366+0000][1.801s] GC(3) Concurrent Mark 7.558ms
[2026-01-27T07:59:23.366+0000][1.802s] GC(3) Concurrent Rebuild Remembered Sets
[2026-01-27T07:59:23.369+0000][1.804s] GC(3) Concurrent Rebuild Remembered Sets 2.498ms
[2026-01-27T07:59:23.369+0000][1.805s] GC(3) Pause Cleanup
[2026-01-27T07:59:23.370+0000][1.805s] GC(3) Pause Cleanup 24M->24M(512M) 0.560ms
[2026-01-27T07:59:23.370+0000][1.806s] GC(3) User=0.01s Sys=0.00s Real=0.00s
[2026-01-27T07:59:23.370+0000][1.806s] GC(3) Concurrent Cleanup for Next Mark
[2026-01-27T07:59:23.371+0000][1.807s] GC(3) Concurrent Cleanup for Next Mark 0.871ms
[2026-01-27T07:59:23.372+0000][1.807s] GC(3) Concurrent Mark Cycle 16.126ms
[2026-01-27T07:59:24.156+0000][2.592s] GC(4) Pause Young (Concurrent Start) (Metadata GC Threshold)
[2026-01-27T07:59:24.157+0000][2.592s] GC(4) Using 16 workers of 16 for evacuation
[2026-01-27T07:59:24.161+0000][2.597s] GC(4)   Pre Evacuate Collection Set: 0.3ms
[2026-01-27T07:59:24.161+0000][2.597s] GC(4)   Merge Heap Roots: 0.2ms
[2026-01-27T07:59:24.162+0000][2.597s] GC(4)   Evacuate Collection Set: 2.5ms
[2026-01-27T07:59:24.162+0000][2.597s] GC(4)   Post Evacuate Collection Set: 1.4ms
[2026-01-27T07:59:24.162+0000][2.598s] GC(4)   Other: 0.8ms
[2026-01-27T07:59:24.162+0000][2.598s] GC(4) Eden regions: 93->0(297)
[2026-01-27T07:59:24.162+0000][2.598s] GC(4) Survivor regions: 4->10(14)
[2026-01-27T07:59:24.162+0000][2.598s] GC(4) Old regions: 15->15
[2026-01-27T07:59:24.163+0000][2.598s] GC(4) Archive regions: 2->2
[2026-01-27T07:59:24.163+0000][2.598s] GC(4) Humongous regions: 4->4
[2026-01-27T07:59:24.163+0000][2.598s] GC(4) Metaspace: 35710K(36096K)->35710K(36096K) NonClass: 31267K(31424K)->31267K(31424K) Class: 4443K(4672K)->4443K(4672K)
[2026-01-27T07:59:24.163+0000][2.598s] GC(4) Pause Young (Concurrent Start) (Metadata GC Threshold) 116M->29M(512M) 6.850ms
[2026-01-27T07:59:24.163+0000][2.599s] GC(4) User=0.03s Sys=0.01s Real=0.01s
[2026-01-27T07:59:24.163+0000][2.599s] GC(5) Concurrent Mark Cycle
[2026-01-27T07:59:24.163+0000][2.599s] GC(5) Concurrent Clear Claimed Marks
[2026-01-27T07:59:24.164+0000][2.599s] GC(5) Concurrent Clear Claimed Marks 0.242ms
[2026-01-27T07:59:24.164+0000][2.599s] GC(5) Concurrent Scan Root Regions
[2026-01-27T07:59:24.165+0000][2.601s] GC(5) Concurrent Scan Root Regions 1.567ms
[2026-01-27T07:59:24.166+0000][2.601s] GC(5) Concurrent Mark
[2026-01-27T07:59:24.166+0000][2.602s] GC(5) Concurrent Mark From Roots
[2026-01-27T07:59:24.166+0000][2.602s] GC(5) Using 4 workers of 4 for marking
[2026-01-27T07:59:24.170+0000][2.606s] GC(5) Concurrent Mark From Roots 4.365ms
[2026-01-27T07:59:24.171+0000][2.606s] GC(5) Concurrent Preclean
[2026-01-27T07:59:24.171+0000][2.607s] GC(5) Concurrent Preclean 0.337ms
[2026-01-27T07:59:24.172+0000][2.608s] GC(5) Pause Remark
[2026-01-27T07:59:24.175+0000][2.610s] GC(5) Pause Remark 30M->30M(512M) 2.576ms
[2026-01-27T07:59:24.175+0000][2.611s] GC(5) User=0.01s Sys=0.01s Real=0.01s
[2026-01-27T07:59:24.176+0000][2.611s] GC(5) Concurrent Mark 10.178ms
[2026-01-27T07:59:24.176+0000][2.612s] GC(5) Concurrent Rebuild Remembered Sets
[2026-01-27T07:59:24.178+0000][2.614s] GC(5) Concurrent Rebuild Remembered Sets 2.178ms
[2026-01-27T07:59:24.179+0000][2.615s] GC(5) Pause Cleanup
[2026-01-27T07:59:24.180+0000][2.615s] GC(5) Pause Cleanup 30M->30M(512M) 0.566ms
[2026-01-27T07:59:24.180+0000][2.615s] GC(5) User=0.00s Sys=0.00s Real=0.00s
[2026-01-27T07:59:24.180+0000][2.615s] GC(5) Concurrent Cleanup for Next Mark
[2026-01-27T07:59:24.180+0000][2.616s] GC(5) Concurrent Cleanup for Next Mark 0.628ms
[2026-01-27T07:59:24.181+0000][2.616s] GC(5) Concurrent Mark Cycle 17.410ms
