[2026-02-07T01:53:23.799+0000][0.137s] Using G1
[2026-02-07T01:53:23.931+0000][0.270s] Version: 17.0.18+8 (release)
[2026-02-07T01:53:23.931+0000][0.270s] CPUs: 22 total, 22 available
[2026-02-07T01:53:23.932+0000][0.271s] Memory: 7664M
[2026-02-07T01:53:23.932+0000][0.271s] Large Page Support: Disabled
[2026-02-07T01:53:23.932+0000][0.271s] NUMA Support: Disabled
[2026-02-07T01:53:23.932+0000][0.271s] Compressed Oops: Enabled (32-bit)
[2026-02-07T01:53:23.932+0000][0.271s] Heap Region Size: 1M
[2026-02-07T01:53:23.933+0000][0.272s] Heap Min Capacity: 512M
[2026-02-07T01:53:23.933+0000][0.272s] Heap Initial Capacity: 512M
[2026-02-07T01:53:23.935+0000][0.274s] Heap Max Capacity: 512M
[2026-02-07T01:53:23.935+0000][0.274s] Pre-touch: Enabled
[2026-02-07T01:53:23.935+0000][0.274s] Parallel Workers: 16
[2026-02-07T01:53:23.935+0000][0.274s] Concurrent Workers: 4
[2026-02-07T01:53:23.935+0000][0.274s] Concurrent Refinement Workers: 16
[2026-02-07T01:53:23.936+0000][0.274s] Periodic GC: Disabled
[2026-02-07T01:53:23.948+0000][0.287s] CDS archive(s) mapped at: [0x00007a41c7000000-0x00007a41c7a60000-0x00007a41c7a60000), size 10878976, SharedBaseAddress: 0x00007a41c7000000, ArchiveRelocationMode: 1.
[2026-02-07T01:53:23.948+0000][0.287s] Compressed class space mapped at: 0x00007a41c8000000-0x00007a4208000000, reserved size: 1073741824
[2026-02-07T01:53:23.948+0000][0.287s] Narrow klass base: 0x00007a41c7000000, Narrow klass shift: 0, Narrow klass range: 0x100000000
[2026-02-07T01:53:25.573+0000][1.912s] GC(0) Pause Young (Normal) (G1 Evacuation Pause)
[2026-02-07T01:53:25.573+0000][1.912s] GC(0) Using 12 workers of 16 for evacuation
[2026-02-07T01:53:25.580+0000][1.919s] GC(0)   Pre Evacuate Collection Set: 0.62ms
[2026-02-07T01:53:25.581+0000][1.920s] GC(0)   Merge Heap Roots: 0.22ms
[2026-02-07T01:53:25.581+0000][1.920s] GC(0)   Evacuate Collection Set: 4.39ms
[2026-02-07T01:53:25.582+0000][1.921s] GC(0)   Post Evacuate Collection Set: 1.02ms
[2026-02-07T01:53:25.582+0000][1.921s] GC(0)   Other: 1.06ms
[2026-02-07T01:53:25.582+0000][1.921s] GC(0) Eden regions: 29->0(59)
[2026-02-07T01:53:25.583+0000][1.922s] GC(0) Survivor regions: 0->4(4)
[2026-02-07T01:53:25.583+0000][1.922s] GC(0) Old regions: 0->1
[2026-02-07T01:53:25.584+0000][1.923s] GC(0) Archive regions: 2->2
[2026-02-07T01:53:25.584+0000][1.923s] GC(0) Humongous regions: 0->0
[2026-02-07T01:53:25.585+0000][1.924s] GC(0) Metaspace: 9895K(10112K)->9895K(10112K) NonClass: 8695K(8832K)->8695K(8832K) Class: 1200K(1280K)->1200K(1280K)
[2026-02-07T01:53:25.585+0000][1.924s] GC(0) Pause Young (Normal) (G1 Evacuation Pause) 29M->4M(512M) 11.976ms
[2026-02-07T01:53:25.585+0000][1.924s] GC(0) User=0.03s Sys=0.02s Real=0.01s
[2026-02-07T01:53:26.595+0000][2.934s] GC(1) Pause Young (Normal) (G1 Evacuation Pause)
[2026-02-07T01:53:26.595+0000][2.934s] GC(1) Using 16 workers of 16 for evacuation
[2026-02-07T01:53:26.606+0000][2.945s] GC(1)   Pre Evacuate Collection Set: 0.40ms
[2026-02-07T01:53:26.607+0000][2.946s] GC(1)   Merge Heap Roots: 0.27ms
[2026-02-07T01:53:26.607+0000][2.946s] GC(1)   Evacuate Collection Set: 8.70ms
[2026-02-07T01:53:26.608+0000][2.947s] GC(1)   Post Evacuate Collection Set: 1.09ms
[2026-02-07T01:53:26.608+0000][2.947s] GC(1)   Other: 1.07ms
[2026-02-07T01:53:26.608+0000][2.947s] GC(1) Eden regions: 59->0(203)
[2026-02-07T01:53:26.609+0000][2.947s] GC(1) Survivor regions: 4->8(8)
[2026-02-07T01:53:26.609+0000][2.948s] GC(1) Old regions: 1->7
[2026-02-07T01:53:26.609+0000][2.948s] GC(1) Archive regions: 2->2
[2026-02-07T01:53:26.610+0000][2.948s] GC(1) Humongous regions: 4->4
[2026-02-07T01:53:26.610+0000][2.949s] GC(1) Metaspace: 16846K(17152K)->16846K(17152K) NonClass: 14822K(14976K)->14822K(14976K) Class: 2023K(2176K)->2023K(2176K)
[2026-02-07T01:53:26.610+0000][2.949s] GC(1) Pause Young (Normal) (G1 Evacuation Pause) 67M->19M(512M) 15.488ms
[2026-02-07T01:53:26.610+0000][2.949s] GC(1) User=0.10s Sys=0.02s Real=0.02s
[2026-02-07T01:53:27.381+0000][3.720s] GC(2) Pause Young (Concurrent Start) (Metadata GC Threshold)
[2026-02-07T01:53:27.382+0000][3.720s] GC(2) Using 16 workers of 16 for evacuation
[2026-02-07T01:53:27.400+0000][3.738s] GC(2)   Pre Evacuate Collection Set: 0.33ms
[2026-02-07T01:53:27.400+0000][3.739s] GC(2)   Merge Heap Roots: 0.29ms
[2026-02-07T01:53:27.401+0000][3.740s] GC(2)   Evacuate Collection Set: 14.26ms
[2026-02-07T01:53:27.402+0000][3.741s] GC(2)   Post Evacuate Collection Set: 1.91ms
[2026-02-07T01:53:27.403+0000][3.741s] GC(2)   Other: 2.11ms
[2026-02-07T01:53:27.403+0000][3.742s] GC(2) Eden regions: 64->0(131)
[2026-02-07T01:53:27.404+0000][3.743s] GC(2) Survivor regions: 8->13(25)
[2026-02-07T01:53:27.405+0000][3.744s] GC(2) Old regions: 7->7
[2026-02-07T01:53:27.405+0000][3.744s] GC(2) Archive regions: 2->2
[2026-02-07T01:53:27.406+0000][3.745s] GC(2) Humongous regions: 4->4
[2026-02-07T01:53:27.406+0000][3.745s] GC(2) Metaspace: 21199K(21504K)->21199K(21504K) NonClass: 18635K(18752K)->18635K(18752K) Class: 2563K(2752K)->2563K(2752K)
[2026-02-07T01:53:27.407+0000][3.746s] GC(2) Pause Young (Concurrent Start) (Metadata GC Threshold) 82M->23M(512M) 26.060ms
[2026-02-07T01:53:27.407+0000][3.746s] GC(2) User=0.17s Sys=0.03s Real=0.03s
[2026-02-07T01:53:27.408+0000][3.747s] GC(3) Concurrent Mark Cycle
[2026-02-07T01:53:27.410+0000][3.749s] GC(3) Concurrent Clear Claimed Marks
[2026-02-07T01:53:27.410+0000][3.749s] GC(3) Concurrent Clear Claimed Marks 0.429ms
[2026-02-07T01:53:27.411+0000][3.750s] GC(3) Concurrent Scan Root Regions
[2026-02-07T01:53:27.415+0000][3.754s] GC(3) Concurrent Scan Root Regions 4.417ms
[2026-02-07T01:53:27.416+0000][3.755s] GC(3) Concurrent Mark
[2026-02-07T01:53:27.417+0000][3.756s] GC(3) Concurrent Mark From Roots
[2026-02-07T01:53:27.418+0000][3.757s] GC(3) Using 4 workers of 4 for marking
[2026-02-07T01:53:27.423+0000][3.762s] GC(3) Concurrent Mark From Roots 5.968ms
[2026-02-07T01:53:27.424+0000][3.763s] GC(3) Concurrent Preclean
[2026-02-07T01:53:27.425+0000][3.764s] GC(3) Concurrent Preclean 0.837ms
[2026-02-07T01:53:27.426+0000][3.765s] GC(3) Pause Remark
[2026-02-07T01:53:27.432+0000][3.771s] GC(3) Pause Remark 23M->23M(512M) 5.861ms
[2026-02-07T01:53:27.433+0000][3.772s] GC(3) User=0.01s Sys=0.00s Real=0.01s
[2026-02-07T01:53:27.434+0000][3.773s] GC(3) Concurrent Mark 17.698ms
[2026-02-07T01:53:27.435+0000][3.774s] GC(3) Concurrent Rebuild Remembered Sets
[2026-02-07T01:53:27.439+0000][3.778s] GC(3) Concurrent Rebuild Remembered Sets 3.598ms
[2026-02-07T01:53:27.440+0000][3.779s] GC(3) Pause Cleanup
[2026-02-07T01:53:27.441+0000][3.780s] GC(3) Pause Cleanup 24M->24M(512M) 0.928ms
[2026-02-07T01:53:27.442+0000][3.781s] GC(3) User=0.00s Sys=0.00s Real=0.01s
[2026-02-07T01:53:27.442+0000][3.781s] GC(3) Concurrent Cleanup for Next Mark
[2026-02-07T01:53:27.448+0000][3.787s] GC(3) Concurrent Cleanup for Next Mark 5.758ms
[2026-02-07T01:53:27.449+0000][3.788s] GC(3) Concurrent Mark Cycle 40.964ms
[2026-02-07T01:53:29.553+0000][5.892s] GC(4) Pause Young (Concurrent Start) (Metadata GC Threshold)
[2026-02-07T01:53:29.553+0000][5.892s] GC(4) Using 16 workers of 16 for evacuation
[2026-02-07T01:53:29.575+0000][5.914s] GC(4)   Pre Evacuate Collection Set: 0.36ms
[2026-02-07T01:53:29.576+0000][5.915s] GC(4)   Merge Heap Roots: 0.29ms
[2026-02-07T01:53:29.576+0000][5.915s] GC(4)   Evacuate Collection Set: 18.80ms
[2026-02-07T01:53:29.576+0000][5.915s] GC(4)   Post Evacuate Collection Set: 2.48ms
[2026-02-07T01:53:29.576+0000][5.915s] GC(4)   Other: 0.56ms
[2026-02-07T01:53:29.576+0000][5.915s] GC(4) Eden regions: 99->0(296)
[2026-02-07T01:53:29.577+0000][5.915s] GC(4) Survivor regions: 13->11(18)
[2026-02-07T01:53:29.577+0000][5.916s] GC(4) Old regions: 7->15
[2026-02-07T01:53:29.577+0000][5.916s] GC(4) Archive regions: 2->2
[2026-02-07T01:53:29.577+0000][5.916s] GC(4) Humongous regions: 4->4
[2026-02-07T01:53:29.577+0000][5.916s] GC(4) Metaspace: 35780K(36160K)->35780K(36160K) NonClass: 31342K(31552K)->31342K(31552K) Class: 4438K(4608K)->4438K(4608K)
[2026-02-07T01:53:29.577+0000][5.916s] GC(4) Pause Young (Concurrent Start) (Metadata GC Threshold) 121M->29M(512M) 24.551ms
[2026-02-07T01:53:29.578+0000][5.916s] GC(4) User=0.21s Sys=0.03s Real=0.02s
[2026-02-07T01:53:29.578+0000][5.917s] GC(5) Concurrent Mark Cycle
[2026-02-07T01:53:29.584+0000][5.923s] GC(5) Concurrent Clear Claimed Marks
[2026-02-07T01:53:29.584+0000][5.923s] GC(5) Concurrent Clear Claimed Marks 0.267ms
[2026-02-07T01:53:29.584+0000][5.923s] GC(5) Concurrent Scan Root Regions
[2026-02-07T01:53:29.589+0000][5.928s] GC(5) Concurrent Scan Root Regions 4.504ms
[2026-02-07T01:53:29.590+0000][5.928s] GC(5) Concurrent Mark
[2026-02-07T01:53:29.590+0000][5.929s] GC(5) Concurrent Mark From Roots
[2026-02-07T01:53:29.590+0000][5.929s] GC(5) Using 4 workers of 4 for marking
[2026-02-07T01:53:29.596+0000][5.934s] GC(5) Concurrent Mark From Roots 5.474ms
[2026-02-07T01:53:29.596+0000][5.935s] GC(5) Concurrent Preclean
[2026-02-07T01:53:29.597+0000][5.936s] GC(5) Concurrent Preclean 0.892ms
[2026-02-07T01:53:29.600+0000][5.939s] GC(5) Pause Remark
[2026-02-07T01:53:29.604+0000][5.943s] GC(5) Pause Remark 31M->31M(512M) 4.571ms
[2026-02-07T01:53:29.605+0000][5.944s] GC(5) User=0.01s Sys=0.00s Real=0.01s
[2026-02-07T01:53:29.606+0000][5.945s] GC(5) Concurrent Mark 16.295ms
[2026-02-07T01:53:29.608+0000][5.946s] GC(5) Concurrent Rebuild Remembered Sets
[2026-02-07T01:53:29.614+0000][5.952s] GC(5) Concurrent Rebuild Remembered Sets 6.022ms
[2026-02-07T01:53:29.618+0000][5.957s] GC(5) Pause Cleanup
[2026-02-07T01:53:29.619+0000][5.958s] GC(5) Pause Cleanup 32M->32M(512M) 0.925ms
[2026-02-07T01:53:29.619+0000][5.958s] GC(5) User=0.00s Sys=0.00s Real=0.00s
[2026-02-07T01:53:29.620+0000][5.959s] GC(5) Concurrent Cleanup for Next Mark
[2026-02-07T01:53:29.626+0000][5.965s] GC(5) Concurrent Cleanup for Next Mark 5.394ms
[2026-02-07T01:53:29.626+0000][5.965s] GC(5) Concurrent Mark Cycle 48.140ms
[2026-02-07T01:56:35.006+0000][191.366s] Heap
[2026-02-07T01:56:35.007+0000][191.366s]  garbage-first heap   total 524288K, used 237255K [0x00000000e0000000, 0x0000000100000000)
[2026-02-07T01:56:35.009+0000][191.369s]   region size 1024K, 213 young (218112K), 11 survivors (11264K)
[2026-02-07T01:56:35.010+0000][191.369s]  Metaspace       used 52614K, committed 53184K, reserved 1114112K
[2026-02-07T01:56:35.011+0000][191.370s]   class space    used 6761K, committed 7040K, reserved 1048576K
