[2026-02-07T01:42:32.683+0000][0.107s] Using G1
[2026-02-07T01:42:32.798+0000][0.222s] Version: 17.0.18+8 (release)
[2026-02-07T01:42:32.799+0000][0.223s] CPUs: 22 total, 22 available
[2026-02-07T01:42:32.799+0000][0.224s] Memory: 7664M
[2026-02-07T01:42:32.800+0000][0.224s] Large Page Support: Disabled
[2026-02-07T01:42:32.801+0000][0.225s] NUMA Support: Disabled
[2026-02-07T01:42:32.801+0000][0.226s] Compressed Oops: Enabled (32-bit)
[2026-02-07T01:42:32.802+0000][0.226s] Heap Region Size: 1M
[2026-02-07T01:42:32.803+0000][0.227s] Heap Min Capacity: 512M
[2026-02-07T01:42:32.803+0000][0.227s] Heap Initial Capacity: 512M
[2026-02-07T01:42:32.804+0000][0.228s] Heap Max Capacity: 512M
[2026-02-07T01:42:32.804+0000][0.228s] Pre-touch: Enabled
[2026-02-07T01:42:32.804+0000][0.229s] Parallel Workers: 16
[2026-02-07T01:42:32.805+0000][0.229s] Concurrent Workers: 4
[2026-02-07T01:42:32.805+0000][0.229s] Concurrent Refinement Workers: 16
[2026-02-07T01:42:32.805+0000][0.229s] Periodic GC: Disabled
[2026-02-07T01:42:32.818+0000][0.242s] CDS archive(s) mapped at: [0x00007be92f000000-0x00007be92fa60000-0x00007be92fa60000), size 10878976, SharedBaseAddress: 0x00007be92f000000, ArchiveRelocationMode: 1.
[2026-02-07T01:42:32.818+0000][0.243s] Compressed class space mapped at: 0x00007be930000000-0x00007be970000000, reserved size: 1073741824
[2026-02-07T01:42:32.819+0000][0.243s] Narrow klass base: 0x00007be92f000000, Narrow klass shift: 0, Narrow klass range: 0x100000000
[2026-02-07T01:42:34.053+0000][1.477s] GC(0) Pause Young (Normal) (G1 Evacuation Pause)
[2026-02-07T01:42:34.057+0000][1.481s] GC(0) Using 12 workers of 16 for evacuation
[2026-02-07T01:42:34.063+0000][1.487s] GC(0)   Pre Evacuate Collection Set: 0.47ms
[2026-02-07T01:42:34.064+0000][1.488s] GC(0)   Merge Heap Roots: 0.33ms
[2026-02-07T01:42:34.064+0000][1.489s] GC(0)   Evacuate Collection Set: 3.74ms
[2026-02-07T01:42:34.065+0000][1.489s] GC(0)   Post Evacuate Collection Set: 1.33ms
[2026-02-07T01:42:34.065+0000][1.490s] GC(0)   Other: 4.24ms
[2026-02-07T01:42:34.066+0000][1.490s] GC(0) Eden regions: 29->0(61)
[2026-02-07T01:42:34.066+0000][1.491s] GC(0) Survivor regions: 0->4(4)
[2026-02-07T01:42:34.067+0000][1.491s] GC(0) Old regions: 0->0
[2026-02-07T01:42:34.067+0000][1.491s] GC(0) Archive regions: 2->2
[2026-02-07T01:42:34.067+0000][1.492s] GC(0) Humongous regions: 0->0
[2026-02-07T01:42:34.068+0000][1.492s] GC(0) Metaspace: 9740K(9984K)->9740K(9984K) NonClass: 8555K(8704K)->8555K(8704K) Class: 1185K(1280K)->1185K(1280K)
[2026-02-07T01:42:34.068+0000][1.493s] GC(0) Pause Young (Normal) (G1 Evacuation Pause) 29M->4M(512M) 15.339ms
[2026-02-07T01:42:34.069+0000][1.493s] GC(0) User=0.03s Sys=0.01s Real=0.02s
[2026-02-07T01:42:34.917+0000][2.341s] GC(1) Pause Young (Normal) (G1 Evacuation Pause)
[2026-02-07T01:42:34.918+0000][2.343s] GC(1) Using 16 workers of 16 for evacuation
[2026-02-07T01:42:34.930+0000][2.354s] GC(1)   Pre Evacuate Collection Set: 0.77ms
[2026-02-07T01:42:34.930+0000][2.355s] GC(1)   Merge Heap Roots: 0.25ms
[2026-02-07T01:42:34.931+0000][2.355s] GC(1)   Evacuate Collection Set: 8.09ms
[2026-02-07T01:42:34.931+0000][2.356s] GC(1)   Post Evacuate Collection Set: 1.45ms
[2026-02-07T01:42:34.932+0000][2.356s] GC(1)   Other: 2.75ms
[2026-02-07T01:42:34.932+0000][2.356s] GC(1) Eden regions: 61->0(79)
[2026-02-07T01:42:34.932+0000][2.356s] GC(1) Survivor regions: 4->9(9)
[2026-02-07T01:42:34.932+0000][2.357s] GC(1) Old regions: 0->6
[2026-02-07T01:42:34.933+0000][2.357s] GC(1) Archive regions: 2->2
[2026-02-07T01:42:34.933+0000][2.357s] GC(1) Humongous regions: 4->4
[2026-02-07T01:42:34.933+0000][2.358s] GC(1) Metaspace: 16850K(17152K)->16850K(17152K) NonClass: 14826K(14976K)->14826K(14976K) Class: 2023K(2176K)->2023K(2176K)
[2026-02-07T01:42:34.934+0000][2.358s] GC(1) Pause Young (Normal) (G1 Evacuation Pause) 69M->19M(512M) 17.037ms
[2026-02-07T01:42:34.934+0000][2.359s] GC(1) User=0.11s Sys=0.02s Real=0.01s
[2026-02-07T01:42:35.447+0000][2.871s] GC(2) Pause Young (Concurrent Start) (Metadata GC Threshold)
[2026-02-07T01:42:35.447+0000][2.872s] GC(2) Using 16 workers of 16 for evacuation
[2026-02-07T01:42:35.455+0000][2.879s] GC(2)   Pre Evacuate Collection Set: 0.40ms
[2026-02-07T01:42:35.455+0000][2.880s] GC(2)   Merge Heap Roots: 0.33ms
[2026-02-07T01:42:35.455+0000][2.880s] GC(2)   Evacuate Collection Set: 4.73ms
[2026-02-07T01:42:35.456+0000][2.880s] GC(2)   Post Evacuate Collection Set: 1.29ms
[2026-02-07T01:42:35.456+0000][2.880s] GC(2)   Other: 1.17ms
[2026-02-07T01:42:35.456+0000][2.881s] GC(2) Eden regions: 61->0(107)
[2026-02-07T01:42:35.457+0000][2.881s] GC(2) Survivor regions: 9->4(11)
[2026-02-07T01:42:35.457+0000][2.881s] GC(2) Old regions: 6->15
[2026-02-07T01:42:35.457+0000][2.881s] GC(2) Archive regions: 2->2
[2026-02-07T01:42:35.457+0000][2.882s] GC(2) Humongous regions: 4->4
[2026-02-07T01:42:35.458+0000][2.882s] GC(2) Metaspace: 21202K(21504K)->21202K(21504K) NonClass: 18638K(18752K)->18638K(18752K) Class: 2563K(2752K)->2563K(2752K)
[2026-02-07T01:42:35.458+0000][2.882s] GC(2) Pause Young (Concurrent Start) (Metadata GC Threshold) 80M->23M(512M) 11.071ms
[2026-02-07T01:42:35.458+0000][2.882s] GC(2) User=0.06s Sys=0.01s Real=0.01s
[2026-02-07T01:42:35.458+0000][2.883s] GC(3) Concurrent Mark Cycle
[2026-02-07T01:42:35.459+0000][2.883s] GC(3) Concurrent Clear Claimed Marks
[2026-02-07T01:42:35.459+0000][2.883s] GC(3) Concurrent Clear Claimed Marks 0.240ms
[2026-02-07T01:42:35.459+0000][2.883s] GC(3) Concurrent Scan Root Regions
[2026-02-07T01:42:35.462+0000][2.886s] GC(3) Concurrent Scan Root Regions 2.952ms
[2026-02-07T01:42:35.462+0000][2.887s] GC(3) Concurrent Mark
[2026-02-07T01:42:35.463+0000][2.887s] GC(3) Concurrent Mark From Roots
[2026-02-07T01:42:35.463+0000][2.887s] GC(3) Using 4 workers of 4 for marking
[2026-02-07T01:42:35.467+0000][2.891s] GC(3) Concurrent Mark From Roots 4.115ms
[2026-02-07T01:42:35.467+0000][2.892s] GC(3) Concurrent Preclean
[2026-02-07T01:42:35.468+0000][2.892s] GC(3) Concurrent Preclean 0.373ms
[2026-02-07T01:42:35.468+0000][2.892s] GC(3) Pause Remark
[2026-02-07T01:42:35.471+0000][2.896s] GC(3) Pause Remark 24M->24M(512M) 3.361ms
[2026-02-07T01:42:35.472+0000][2.896s] GC(3) User=0.02s Sys=0.01s Real=0.00s
[2026-02-07T01:42:35.472+0000][2.897s] GC(3) Concurrent Mark 9.910ms
[2026-02-07T01:42:35.473+0000][2.897s] GC(3) Concurrent Rebuild Remembered Sets
[2026-02-07T01:42:35.473+0000][2.898s] GC(3) Concurrent Rebuild Remembered Sets 0.555ms
[2026-02-07T01:42:35.474+0000][2.898s] GC(3) Pause Cleanup
[2026-02-07T01:42:35.474+0000][2.898s] GC(3) Pause Cleanup 24M->24M(512M) 0.276ms
[2026-02-07T01:42:35.474+0000][2.899s] GC(3) User=0.00s Sys=0.00s Real=0.00s
[2026-02-07T01:42:35.474+0000][2.899s] GC(3) Concurrent Cleanup for Next Mark
[2026-02-07T01:42:35.476+0000][2.901s] GC(3) Concurrent Cleanup for Next Mark 1.864ms
[2026-02-07T01:42:35.477+0000][2.901s] GC(3) Concurrent Mark Cycle 18.497ms
[2026-02-07T01:42:37.018+0000][4.442s] GC(4) Pause Young (Normal) (G1 Evacuation Pause)
[2026-02-07T01:42:37.018+0000][4.443s] GC(4) Using 16 workers of 16 for evacuation
[2026-02-07T01:42:37.027+0000][4.451s] GC(4)   Pre Evacuate Collection Set: 0.65ms
[2026-02-07T01:42:37.027+0000][4.452s] GC(4)   Merge Heap Roots: 0.34ms
[2026-02-07T01:42:37.028+0000][4.452s] GC(4)   Evacuate Collection Set: 4.83ms
[2026-02-07T01:42:37.028+0000][4.453s] GC(4)   Post Evacuate Collection Set: 1.95ms
[2026-02-07T01:42:37.029+0000][4.453s] GC(4)   Other: 1.11ms
[2026-02-07T01:42:37.029+0000][4.453s] GC(4) Eden regions: 107->0(297)
[2026-02-07T01:42:37.029+0000][4.454s] GC(4) Survivor regions: 4->10(14)
[2026-02-07T01:42:37.030+0000][4.454s] GC(4) Old regions: 15->15
[2026-02-07T01:42:37.030+0000][4.454s] GC(4) Archive regions: 2->2
[2026-02-07T01:42:37.030+0000][4.454s] GC(4) Humongous regions: 4->4
[2026-02-07T01:42:37.030+0000][4.455s] GC(4) Metaspace: 35386K(35776K)->35386K(35776K) NonClass: 31004K(31168K)->31004K(31168K) Class: 4382K(4608K)->4382K(4608K)
[2026-02-07T01:42:37.031+0000][4.455s] GC(4) Pause Young (Normal) (G1 Evacuation Pause) 130M->29M(512M) 12.769ms
[2026-02-07T01:42:37.031+0000][4.455s] GC(4) User=0.08s Sys=0.01s Real=0.01s
[2026-02-07T01:42:37.267+0000][4.692s] GC(5) Pause Young (Concurrent Start) (Metadata GC Threshold)
[2026-02-07T01:42:37.269+0000][4.694s] GC(5) Using 16 workers of 16 for evacuation
[2026-02-07T01:42:37.277+0000][4.702s] GC(5)   Pre Evacuate Collection Set: 0.36ms
[2026-02-07T01:42:37.278+0000][4.703s] GC(5)   Merge Heap Roots: 0.37ms
[2026-02-07T01:42:37.283+0000][4.708s] GC(5)   Evacuate Collection Set: 5.21ms
[2026-02-07T01:42:37.286+0000][4.710s] GC(5)   Post Evacuate Collection Set: 1.03ms
[2026-02-07T01:42:37.288+0000][4.712s] GC(5)   Other: 2.90ms
[2026-02-07T01:42:37.288+0000][4.713s] GC(5) Eden regions: 8->0(296)
[2026-02-07T01:42:37.290+0000][4.714s] GC(5) Survivor regions: 10->11(39)
[2026-02-07T01:42:37.290+0000][4.714s] GC(5) Old regions: 15->15
[2026-02-07T01:42:37.290+0000][4.715s] GC(5) Archive regions: 2->2
[2026-02-07T01:42:37.291+0000][4.715s] GC(5) Humongous regions: 4->4
[2026-02-07T01:42:37.291+0000][4.715s] GC(5) Metaspace: 35808K(36160K)->35808K(36160K) NonClass: 31370K(31552K)->31370K(31552K) Class: 4437K(4608K)->4437K(4608K)
[2026-02-07T01:42:37.291+0000][4.716s] GC(5) Pause Young (Concurrent Start) (Metadata GC Threshold) 37M->30M(512M) 23.953ms
[2026-02-07T01:42:37.292+0000][4.716s] GC(5) User=0.05s Sys=0.01s Real=0.02s
[2026-02-07T01:42:37.292+0000][4.716s] GC(6) Concurrent Mark Cycle
[2026-02-07T01:42:37.293+0000][4.717s] GC(6) Concurrent Clear Claimed Marks
[2026-02-07T01:42:37.293+0000][4.717s] GC(6) Concurrent Clear Claimed Marks 0.514ms
[2026-02-07T01:42:37.294+0000][4.718s] GC(6) Concurrent Scan Root Regions
[2026-02-07T01:42:37.296+0000][4.720s] GC(6) Concurrent Scan Root Regions 2.410ms
[2026-02-07T01:42:37.296+0000][4.721s] GC(6) Concurrent Mark
[2026-02-07T01:42:37.297+0000][4.721s] GC(6) Concurrent Mark From Roots
[2026-02-07T01:42:37.297+0000][4.722s] GC(6) Using 4 workers of 4 for marking
[2026-02-07T01:42:37.305+0000][4.730s] GC(6) Concurrent Mark From Roots 8.706ms
[2026-02-07T01:42:37.306+0000][4.730s] GC(6) Concurrent Preclean
[2026-02-07T01:42:37.306+0000][4.731s] GC(6) Concurrent Preclean 0.489ms
[2026-02-07T01:42:37.307+0000][4.732s] GC(6) Pause Remark
[2026-02-07T01:42:37.312+0000][4.737s] GC(6) Pause Remark 32M->32M(512M) 5.075ms
[2026-02-07T01:42:37.313+0000][4.737s] GC(6) User=0.01s Sys=0.01s Real=0.00s
[2026-02-07T01:42:37.314+0000][4.738s] GC(6) Concurrent Mark 17.304ms
[2026-02-07T01:42:37.314+0000][4.738s] GC(6) Concurrent Rebuild Remembered Sets
[2026-02-07T01:42:37.318+0000][4.742s] GC(6) Concurrent Rebuild Remembered Sets 3.569ms
[2026-02-07T01:42:37.319+0000][4.743s] GC(6) Pause Cleanup
[2026-02-07T01:42:37.319+0000][4.744s] GC(6) Pause Cleanup 32M->32M(512M) 0.658ms
[2026-02-07T01:42:37.320+0000][4.744s] GC(6) User=0.01s Sys=0.00s Real=0.00s
[2026-02-07T01:42:37.320+0000][4.745s] GC(6) Concurrent Cleanup for Next Mark
[2026-02-07T01:42:37.325+0000][4.749s] GC(6) Concurrent Cleanup for Next Mark 4.293ms
[2026-02-07T01:42:37.325+0000][4.750s] GC(6) Concurrent Mark Cycle 33.307ms
[2026-02-07T01:44:47.184+0000][134.622s] Heap
[2026-02-07T01:44:47.185+0000][134.623s]  garbage-first heap   total 524288K, used 122916K [0x00000000e0000000, 0x0000000100000000)
[2026-02-07T01:44:47.185+0000][134.623s]   region size 1024K, 101 young (103424K), 11 survivors (11264K)
[2026-02-07T01:44:47.186+0000][134.624s]  Metaspace       used 44994K, committed 45440K, reserved 1114112K
[2026-02-07T01:44:47.186+0000][134.624s]   class space    used 5716K, committed 5952K, reserved 1048576K
