[2026-02-07T01:40:41.801+0000][0.090s] Using G1
[2026-02-07T01:40:41.912+0000][0.202s] Version: 17.0.18+8 (release)
[2026-02-07T01:40:41.913+0000][0.203s] CPUs: 22 total, 22 available
[2026-02-07T01:40:41.913+0000][0.203s] Memory: 7664M
[2026-02-07T01:40:41.914+0000][0.204s] Large Page Support: Disabled
[2026-02-07T01:40:41.914+0000][0.204s] NUMA Support: Disabled
[2026-02-07T01:40:41.914+0000][0.204s] Compressed Oops: Enabled (32-bit)
[2026-02-07T01:40:41.914+0000][0.204s] Heap Region Size: 1M
[2026-02-07T01:40:41.915+0000][0.204s] Heap Min Capacity: 512M
[2026-02-07T01:40:41.915+0000][0.205s] Heap Initial Capacity: 512M
[2026-02-07T01:40:41.917+0000][0.206s] Heap Max Capacity: 512M
[2026-02-07T01:40:41.917+0000][0.207s] Pre-touch: Enabled
[2026-02-07T01:40:41.917+0000][0.207s] Parallel Workers: 16
[2026-02-07T01:40:41.917+0000][0.207s] Concurrent Workers: 4
[2026-02-07T01:40:41.918+0000][0.208s] Concurrent Refinement Workers: 16
[2026-02-07T01:40:41.918+0000][0.208s] Periodic GC: Disabled
[2026-02-07T01:40:41.930+0000][0.220s] CDS archive(s) mapped at: [0x00007c3433000000-0x00007c3433a60000-0x00007c3433a60000), size 10878976, SharedBaseAddress: 0x00007c3433000000, ArchiveRelocationMode: 1.
[2026-02-07T01:40:41.931+0000][0.221s] Compressed class space mapped at: 0x00007c3434000000-0x00007c3474000000, reserved size: 1073741824
[2026-02-07T01:40:41.932+0000][0.221s] Narrow klass base: 0x00007c3433000000, Narrow klass shift: 0, Narrow klass range: 0x100000000
[2026-02-07T01:40:43.065+0000][1.354s] GC(0) Pause Young (Normal) (G1 Evacuation Pause)
[2026-02-07T01:40:43.066+0000][1.355s] GC(0) Using 12 workers of 16 for evacuation
[2026-02-07T01:40:43.073+0000][1.362s] GC(0)   Pre Evacuate Collection Set: 0.36ms
[2026-02-07T01:40:43.073+0000][1.363s] GC(0)   Merge Heap Roots: 0.53ms
[2026-02-07T01:40:43.073+0000][1.363s] GC(0)   Evacuate Collection Set: 4.41ms
[2026-02-07T01:40:43.073+0000][1.363s] GC(0)   Post Evacuate Collection Set: 0.98ms
[2026-02-07T01:40:43.074+0000][1.364s] GC(0)   Other: 1.62ms
[2026-02-07T01:40:43.074+0000][1.364s] GC(0) Eden regions: 29->0(61)
[2026-02-07T01:40:43.074+0000][1.364s] GC(0) Survivor regions: 0->4(4)
[2026-02-07T01:40:43.075+0000][1.364s] GC(0) Old regions: 0->0
[2026-02-07T01:40:43.075+0000][1.365s] GC(0) Archive regions: 2->2
[2026-02-07T01:40:43.075+0000][1.365s] GC(0) Humongous regions: 0->0
[2026-02-07T01:40:43.075+0000][1.365s] GC(0) Metaspace: 9725K(9984K)->9725K(9984K) NonClass: 8540K(8704K)->8540K(8704K) Class: 1185K(1280K)->1185K(1280K)
[2026-02-07T01:40:43.076+0000][1.366s] GC(0) Pause Young (Normal) (G1 Evacuation Pause) 29M->4M(512M) 11.006ms
[2026-02-07T01:40:43.076+0000][1.366s] GC(0) User=0.06s Sys=0.00s Real=0.01s
[2026-02-07T01:40:43.818+0000][2.108s] GC(1) Pause Young (Normal) (G1 Evacuation Pause)
[2026-02-07T01:40:43.819+0000][2.109s] GC(1) Using 16 workers of 16 for evacuation
[2026-02-07T01:40:43.828+0000][2.117s] GC(1)   Pre Evacuate Collection Set: 0.38ms
[2026-02-07T01:40:43.828+0000][2.118s] GC(1)   Merge Heap Roots: 0.31ms
[2026-02-07T01:40:43.829+0000][2.118s] GC(1)   Evacuate Collection Set: 6.15ms
[2026-02-07T01:40:43.829+0000][2.119s] GC(1)   Post Evacuate Collection Set: 1.08ms
[2026-02-07T01:40:43.829+0000][2.119s] GC(1)   Other: 1.58ms
[2026-02-07T01:40:43.830+0000][2.120s] GC(1) Eden regions: 61->0(80)
[2026-02-07T01:40:43.830+0000][2.120s] GC(1) Survivor regions: 4->9(9)
[2026-02-07T01:40:43.831+0000][2.120s] GC(1) Old regions: 0->6
[2026-02-07T01:40:43.831+0000][2.121s] GC(1) Archive regions: 2->2
[2026-02-07T01:40:43.831+0000][2.121s] GC(1) Humongous regions: 4->4
[2026-02-07T01:40:43.832+0000][2.121s] GC(1) Metaspace: 16816K(17152K)->16816K(17152K) NonClass: 14793K(14976K)->14793K(14976K) Class: 2022K(2176K)->2022K(2176K)
[2026-02-07T01:40:43.832+0000][2.122s] GC(1) Pause Young (Normal) (G1 Evacuation Pause) 69M->19M(512M) 14.038ms
[2026-02-07T01:40:43.832+0000][2.122s] GC(1) User=0.06s Sys=0.02s Real=0.01s
[2026-02-07T01:40:44.337+0000][2.626s] GC(2) Pause Young (Concurrent Start) (Metadata GC Threshold)
[2026-02-07T01:40:44.337+0000][2.627s] GC(2) Using 16 workers of 16 for evacuation
[2026-02-07T01:40:44.345+0000][2.634s] GC(2)   Pre Evacuate Collection Set: 0.31ms
[2026-02-07T01:40:44.345+0000][2.635s] GC(2)   Merge Heap Roots: 0.24ms
[2026-02-07T01:40:44.346+0000][2.635s] GC(2)   Evacuate Collection Set: 4.95ms
[2026-02-07T01:40:44.346+0000][2.636s] GC(2)   Post Evacuate Collection Set: 1.21ms
[2026-02-07T01:40:44.346+0000][2.636s] GC(2)   Other: 1.22ms
[2026-02-07T01:40:44.347+0000][2.636s] GC(2) Eden regions: 62->0(143)
[2026-02-07T01:40:44.347+0000][2.637s] GC(2) Survivor regions: 9->5(11)
[2026-02-07T01:40:44.347+0000][2.637s] GC(2) Old regions: 6->15
[2026-02-07T01:40:44.348+0000][2.637s] GC(2) Archive regions: 2->2
[2026-02-07T01:40:44.348+0000][2.638s] GC(2) Humongous regions: 4->4
[2026-02-07T01:40:44.348+0000][2.638s] GC(2) Metaspace: 21163K(21504K)->21163K(21504K) NonClass: 18602K(18752K)->18602K(18752K) Class: 2560K(2752K)->2560K(2752K)
[2026-02-07T01:40:44.348+0000][2.638s] GC(2) Pause Young (Concurrent Start) (Metadata GC Threshold) 81M->23M(512M) 11.813ms
[2026-02-07T01:40:44.349+0000][2.639s] GC(2) User=0.05s Sys=0.01s Real=0.01s
[2026-02-07T01:40:44.349+0000][2.639s] GC(3) Concurrent Mark Cycle
[2026-02-07T01:40:44.350+0000][2.640s] GC(3) Concurrent Clear Claimed Marks
[2026-02-07T01:40:44.350+0000][2.640s] GC(3) Concurrent Clear Claimed Marks 0.493ms
[2026-02-07T01:40:44.351+0000][2.641s] GC(3) Concurrent Scan Root Regions
[2026-02-07T01:40:44.354+0000][2.644s] GC(3) Concurrent Scan Root Regions 3.646ms
[2026-02-07T01:40:44.355+0000][2.645s] GC(3) Concurrent Mark
[2026-02-07T01:40:44.355+0000][2.645s] GC(3) Concurrent Mark From Roots
[2026-02-07T01:40:44.356+0000][2.646s] GC(3) Using 4 workers of 4 for marking
[2026-02-07T01:40:44.360+0000][2.650s] GC(3) Concurrent Mark From Roots 4.597ms
[2026-02-07T01:40:44.360+0000][2.650s] GC(3) Concurrent Preclean
[2026-02-07T01:40:44.361+0000][2.651s] GC(3) Concurrent Preclean 0.413ms
[2026-02-07T01:40:44.361+0000][2.651s] GC(3) Pause Remark
[2026-02-07T01:40:44.364+0000][2.654s] GC(3) Pause Remark 24M->24M(512M) 3.219ms
[2026-02-07T01:40:44.365+0000][2.655s] GC(3) User=0.01s Sys=0.01s Real=0.00s
[2026-02-07T01:40:44.365+0000][2.655s] GC(3) Concurrent Mark 10.390ms
[2026-02-07T01:40:44.366+0000][2.655s] GC(3) Concurrent Rebuild Remembered Sets
[2026-02-07T01:40:44.369+0000][2.659s] GC(3) Concurrent Rebuild Remembered Sets 3.304ms
[2026-02-07T01:40:44.369+0000][2.659s] GC(3) Pause Cleanup
[2026-02-07T01:40:44.370+0000][2.660s] GC(3) Pause Cleanup 24M->24M(512M) 0.726ms
[2026-02-07T01:40:44.371+0000][2.660s] GC(3) User=0.00s Sys=0.00s Real=0.00s
[2026-02-07T01:40:44.371+0000][2.661s] GC(3) Concurrent Cleanup for Next Mark
[2026-02-07T01:40:44.372+0000][2.662s] GC(3) Concurrent Cleanup for Next Mark 0.991ms
[2026-02-07T01:40:44.372+0000][2.662s] GC(3) Concurrent Mark Cycle 23.185ms
[2026-02-07T01:40:46.177+0000][4.467s] GC(4) Pause Young (Prepare Mixed) (Metadata GC Threshold)
[2026-02-07T01:40:46.177+0000][4.467s] GC(4) Using 16 workers of 16 for evacuation
[2026-02-07T01:40:46.186+0000][4.475s] GC(4)   Pre Evacuate Collection Set: 0.63ms
[2026-02-07T01:40:46.186+0000][4.476s] GC(4)   Merge Heap Roots: 0.33ms
[2026-02-07T01:40:46.186+0000][4.476s] GC(4)   Evacuate Collection Set: 4.39ms
[2026-02-07T01:40:46.186+0000][4.476s] GC(4)   Post Evacuate Collection Set: 2.51ms
[2026-02-07T01:40:46.187+0000][4.476s] GC(4)   Other: 0.84ms
[2026-02-07T01:40:46.187+0000][4.477s] GC(4) Eden regions: 105->0(15)
[2026-02-07T01:40:46.187+0000][4.477s] GC(4) Survivor regions: 5->10(19)
[2026-02-07T01:40:46.187+0000][4.477s] GC(4) Old regions: 15->15
[2026-02-07T01:40:46.187+0000][4.477s] GC(4) Archive regions: 2->2
[2026-02-07T01:40:46.187+0000][4.477s] GC(4) Humongous regions: 4->4
[2026-02-07T01:40:46.188+0000][4.477s] GC(4) Metaspace: 35760K(36096K)->35760K(36096K) NonClass: 31326K(31488K)->31326K(31488K) Class: 4434K(4608K)->4434K(4608K)
[2026-02-07T01:40:46.188+0000][4.478s] GC(4) Pause Young (Prepare Mixed) (Metadata GC Threshold) 128M->29M(512M) 11.074ms
[2026-02-07T01:40:46.188+0000][4.478s] GC(4) User=0.04s Sys=0.00s Real=0.01s
[2026-02-07T01:40:46.215+0000][4.505s] GC(5) Pause Young (Mixed) (Metadata GC Threshold)
[2026-02-07T01:40:46.215+0000][4.505s] GC(5) Using 16 workers of 16 for evacuation
[2026-02-07T01:40:46.221+0000][4.511s] GC(5)   Pre Evacuate Collection Set: 0.30ms
[2026-02-07T01:40:46.221+0000][4.511s] GC(5)   Merge Heap Roots: 0.37ms
[2026-02-07T01:40:46.222+0000][4.511s] GC(5)   Evacuate Collection Set: 3.55ms
[2026-02-07T01:40:46.222+0000][4.511s] GC(5)   Post Evacuate Collection Set: 0.82ms
[2026-02-07T01:40:46.222+0000][4.512s] GC(5)   Other: 0.66ms
[2026-02-07T01:40:46.222+0000][4.512s] GC(5) Eden regions: 3->0(306)
[2026-02-07T01:40:46.222+0000][4.512s] GC(5) Survivor regions: 10->1(4)
[2026-02-07T01:40:46.222+0000][4.512s] GC(5) Old regions: 15->25
[2026-02-07T01:40:46.223+0000][4.512s] GC(5) Archive regions: 2->2
[2026-02-07T01:40:46.223+0000][4.513s] GC(5) Humongous regions: 4->4
[2026-02-07T01:40:46.223+0000][4.513s] GC(5) Metaspace: 36073K(36416K)->36073K(36416K) NonClass: 31595K(31744K)->31595K(31744K) Class: 4478K(4672K)->4478K(4672K)
[2026-02-07T01:40:46.223+0000][4.513s] GC(5) Pause Young (Mixed) (Metadata GC Threshold) 31M->29M(512M) 8.094ms
[2026-02-07T01:40:46.223+0000][4.513s] GC(5) User=0.02s Sys=0.01s Real=0.01s
[2026-02-07T01:40:46.242+0000][4.532s] GC(6) Pause Young (Concurrent Start) (Metadata GC Threshold)
[2026-02-07T01:40:46.242+0000][4.532s] GC(6) Using 16 workers of 16 for evacuation
[2026-02-07T01:40:46.245+0000][4.535s] GC(6)   Pre Evacuate Collection Set: 0.38ms
[2026-02-07T01:40:46.245+0000][4.535s] GC(6)   Merge Heap Roots: 0.25ms
[2026-02-07T01:40:46.246+0000][4.535s] GC(6)   Evacuate Collection Set: 1.19ms
[2026-02-07T01:40:46.246+0000][4.536s] GC(6)   Post Evacuate Collection Set: 0.93ms
[2026-02-07T01:40:46.246+0000][4.536s] GC(6)   Other: 0.68ms
[2026-02-07T01:40:46.247+0000][4.536s] GC(6) Eden regions: 3->0(306)
[2026-02-07T01:40:46.247+0000][4.537s] GC(6) Survivor regions: 1->1(39)
[2026-02-07T01:40:46.247+0000][4.537s] GC(6) Old regions: 25->25
[2026-02-07T01:40:46.247+0000][4.537s] GC(6) Archive regions: 2->2
[2026-02-07T01:40:46.247+0000][4.537s] GC(6) Humongous regions: 4->4
[2026-02-07T01:40:46.248+0000][4.537s] GC(6) Metaspace: 36363K(36736K)->36363K(36736K) NonClass: 31858K(32000K)->31858K(32000K) Class: 4505K(4736K)->4505K(4736K)
[2026-02-07T01:40:46.248+0000][4.538s] GC(6) Pause Young (Concurrent Start) (Metadata GC Threshold) 32M->29M(512M) 6.421ms
[2026-02-07T01:40:46.248+0000][4.538s] GC(6) User=0.01s Sys=0.00s Real=0.00s
[2026-02-07T01:40:46.249+0000][4.538s] GC(7) Concurrent Mark Cycle
[2026-02-07T01:40:46.249+0000][4.539s] GC(7) Concurrent Clear Claimed Marks
[2026-02-07T01:40:46.252+0000][4.542s] GC(7) Concurrent Clear Claimed Marks 3.075ms
[2026-02-07T01:40:46.255+0000][4.545s] GC(7) Concurrent Scan Root Regions
[2026-02-07T01:40:46.257+0000][4.547s] GC(7) Concurrent Scan Root Regions 1.517ms
[2026-02-07T01:40:46.258+0000][4.547s] GC(7) Concurrent Mark
[2026-02-07T01:40:46.258+0000][4.548s] GC(7) Concurrent Mark From Roots
[2026-02-07T01:40:46.258+0000][4.548s] GC(7) Using 4 workers of 4 for marking
[2026-02-07T01:40:46.270+0000][4.560s] GC(7) Concurrent Mark From Roots 12.374ms
[2026-02-07T01:40:46.271+0000][4.560s] GC(7) Concurrent Preclean
[2026-02-07T01:40:46.271+0000][4.561s] GC(7) Concurrent Preclean 0.456ms
[2026-02-07T01:40:46.272+0000][4.561s] GC(7) Pause Remark
[2026-02-07T01:40:46.275+0000][4.565s] GC(7) Pause Remark 32M->32M(512M) 3.482ms
[2026-02-07T01:40:46.275+0000][4.565s] GC(7) User=0.01s Sys=0.00s Real=0.00s
[2026-02-07T01:40:46.276+0000][4.566s] GC(7) Concurrent Mark 18.344ms
[2026-02-07T01:40:46.276+0000][4.566s] GC(7) Concurrent Rebuild Remembered Sets
[2026-02-07T01:40:46.281+0000][4.571s] GC(7) Concurrent Rebuild Remembered Sets 4.985ms
[2026-02-07T01:40:46.283+0000][4.573s] GC(7) Pause Cleanup
[2026-02-07T01:40:46.284+0000][4.573s] GC(7) Pause Cleanup 32M->32M(512M) 0.757ms
[2026-02-07T01:40:46.284+0000][4.574s] GC(7) User=0.01s Sys=0.00s Real=0.00s
[2026-02-07T01:40:46.284+0000][4.574s] GC(7) Concurrent Cleanup for Next Mark
[2026-02-07T01:40:46.286+0000][4.576s] GC(7) Concurrent Cleanup for Next Mark 2.126ms
[2026-02-07T01:40:46.289+0000][4.579s] GC(7) Concurrent Mark Cycle 40.799ms
[2026-02-07T01:41:16.625+0000][34.918s] Heap
[2026-02-07T01:41:16.625+0000][34.918s]  garbage-first heap   total 524288K, used 231006K [0x00000000e0000000, 0x0000000100000000)
[2026-02-07T01:41:16.626+0000][34.918s]   region size 1024K, 197 young (201728K), 1 survivors (1024K)
[2026-02-07T01:41:16.626+0000][34.919s]  Metaspace       used 53925K, committed 54464K, reserved 1114112K
[2026-02-07T01:41:16.626+0000][34.919s]   class space    used 6885K, committed 7104K, reserved 1048576K
