[2026-02-07T01:39:04.955+0000][0.082s] Using G1
[2026-02-07T01:39:05.083+0000][0.210s] Version: 17.0.18+8 (release)
[2026-02-07T01:39:05.084+0000][0.212s] CPUs: 22 total, 22 available
[2026-02-07T01:39:05.085+0000][0.212s] Memory: 7664M
[2026-02-07T01:39:05.085+0000][0.213s] Large Page Support: Disabled
[2026-02-07T01:39:05.086+0000][0.213s] NUMA Support: Disabled
[2026-02-07T01:39:05.086+0000][0.213s] Compressed Oops: Enabled (32-bit)
[2026-02-07T01:39:05.086+0000][0.214s] Heap Region Size: 1M
[2026-02-07T01:39:05.087+0000][0.214s] Heap Min Capacity: 512M
[2026-02-07T01:39:05.087+0000][0.214s] Heap Initial Capacity: 512M
[2026-02-07T01:39:05.089+0000][0.216s] Heap Max Capacity: 512M
[2026-02-07T01:39:05.089+0000][0.217s] Pre-touch: Enabled
[2026-02-07T01:39:05.090+0000][0.217s] Parallel Workers: 16
[2026-02-07T01:39:05.090+0000][0.217s] Concurrent Workers: 4
[2026-02-07T01:39:05.090+0000][0.218s] Concurrent Refinement Workers: 16
[2026-02-07T01:39:05.091+0000][0.218s] Periodic GC: Disabled
[2026-02-07T01:39:05.104+0000][0.231s] CDS archive(s) mapped at: [0x000077913b000000-0x000077913ba60000-0x000077913ba60000), size 10878976, SharedBaseAddress: 0x000077913b000000, ArchiveRelocationMode: 1.
[2026-02-07T01:39:05.105+0000][0.232s] Compressed class space mapped at: 0x000077913c000000-0x000077917c000000, reserved size: 1073741824
[2026-02-07T01:39:05.106+0000][0.233s] Narrow klass base: 0x000077913b000000, Narrow klass shift: 0, Narrow klass range: 0x100000000
[2026-02-07T01:39:06.814+0000][1.941s] GC(0) Pause Young (Normal) (G1 Evacuation Pause)
[2026-02-07T01:39:06.815+0000][1.942s] GC(0) Using 12 workers of 16 for evacuation
[2026-02-07T01:39:06.821+0000][1.949s] GC(0)   Pre Evacuate Collection Set: 0.69ms
[2026-02-07T01:39:06.822+0000][1.949s] GC(0)   Merge Heap Roots: 0.24ms
[2026-02-07T01:39:06.822+0000][1.949s] GC(0)   Evacuate Collection Set: 3.66ms
[2026-02-07T01:39:06.822+0000][1.949s] GC(0)   Post Evacuate Collection Set: 1.09ms
[2026-02-07T01:39:06.822+0000][1.950s] GC(0)   Other: 1.53ms
[2026-02-07T01:39:06.823+0000][1.950s] GC(0) Eden regions: 29->0(60)
[2026-02-07T01:39:06.823+0000][1.950s] GC(0) Survivor regions: 0->4(4)
[2026-02-07T01:39:06.823+0000][1.951s] GC(0) Old regions: 0->0
[2026-02-07T01:39:06.824+0000][1.951s] GC(0) Archive regions: 2->2
[2026-02-07T01:39:06.824+0000][1.951s] GC(0) Humongous regions: 0->0
[2026-02-07T01:39:06.824+0000][1.952s] GC(0) Metaspace: 9814K(9984K)->9814K(9984K) NonClass: 8625K(8704K)->8625K(8704K) Class: 1189K(1280K)->1189K(1280K)
[2026-02-07T01:39:06.825+0000][1.952s] GC(0) Pause Young (Normal) (G1 Evacuation Pause) 29M->4M(512M) 10.572ms
[2026-02-07T01:39:06.825+0000][1.952s] GC(0) User=0.03s Sys=0.01s Real=0.01s
[2026-02-07T01:39:07.763+0000][2.891s] GC(1) Pause Young (Normal) (G1 Evacuation Pause)
[2026-02-07T01:39:07.764+0000][2.891s] GC(1) Using 16 workers of 16 for evacuation
[2026-02-07T01:39:07.774+0000][2.901s] GC(1)   Pre Evacuate Collection Set: 0.30ms
[2026-02-07T01:39:07.775+0000][2.902s] GC(1)   Merge Heap Roots: 0.27ms
[2026-02-07T01:39:07.775+0000][2.902s] GC(1)   Evacuate Collection Set: 8.14ms
[2026-02-07T01:39:07.776+0000][2.903s] GC(1)   Post Evacuate Collection Set: 0.97ms
[2026-02-07T01:39:07.776+0000][2.903s] GC(1)   Other: 1.08ms
[2026-02-07T01:39:07.777+0000][2.904s] GC(1) Eden regions: 60->0(79)
[2026-02-07T01:39:07.777+0000][2.904s] GC(1) Survivor regions: 4->8(8)
[2026-02-07T01:39:07.777+0000][2.905s] GC(1) Old regions: 0->7
[2026-02-07T01:39:07.778+0000][2.905s] GC(1) Archive regions: 2->2
[2026-02-07T01:39:07.778+0000][2.906s] GC(1) Humongous regions: 4->4
[2026-02-07T01:39:07.779+0000][2.906s] GC(1) Metaspace: 16844K(17152K)->16844K(17152K) NonClass: 14820K(14976K)->14820K(14976K) Class: 2023K(2176K)->2023K(2176K)
[2026-02-07T01:39:07.779+0000][2.907s] GC(1) Pause Young (Normal) (G1 Evacuation Pause) 68M->19M(512M) 16.019ms
[2026-02-07T01:39:07.780+0000][2.907s] GC(1) User=0.07s Sys=0.03s Real=0.01s
[2026-02-07T01:39:08.536+0000][3.663s] GC(2) Pause Young (Concurrent Start) (Metadata GC Threshold)
[2026-02-07T01:39:08.537+0000][3.664s] GC(2) Using 16 workers of 16 for evacuation
[2026-02-07T01:39:08.552+0000][3.679s] GC(2)   Pre Evacuate Collection Set: 0.38ms
[2026-02-07T01:39:08.553+0000][3.680s] GC(2)   Merge Heap Roots: 0.23ms
[2026-02-07T01:39:08.553+0000][3.680s] GC(2)   Evacuate Collection Set: 12.42ms
[2026-02-07T01:39:08.553+0000][3.681s] GC(2)   Post Evacuate Collection Set: 1.33ms
[2026-02-07T01:39:08.554+0000][3.681s] GC(2)   Other: 1.61ms
[2026-02-07T01:39:08.554+0000][3.681s] GC(2) Eden regions: 62->0(130)
[2026-02-07T01:39:08.554+0000][3.682s] GC(2) Survivor regions: 8->5(11)
[2026-02-07T01:39:08.555+0000][3.682s] GC(2) Old regions: 7->16
[2026-02-07T01:39:08.555+0000][3.682s] GC(2) Archive regions: 2->2
[2026-02-07T01:39:08.555+0000][3.683s] GC(2) Humongous regions: 4->4
[2026-02-07T01:39:08.556+0000][3.683s] GC(2) Metaspace: 21192K(21504K)->21192K(21504K) NonClass: 18629K(18752K)->18629K(18752K) Class: 2563K(2752K)->2563K(2752K)
[2026-02-07T01:39:08.556+0000][3.683s] GC(2) Pause Young (Concurrent Start) (Metadata GC Threshold) 81M->24M(512M) 19.929ms
[2026-02-07T01:39:08.556+0000][3.684s] GC(2) User=0.09s Sys=0.00s Real=0.02s
[2026-02-07T01:39:08.557+0000][3.684s] GC(3) Concurrent Mark Cycle
[2026-02-07T01:39:08.559+0000][3.686s] GC(3) Concurrent Clear Claimed Marks
[2026-02-07T01:39:08.561+0000][3.688s] GC(3) Concurrent Clear Claimed Marks 1.724ms
[2026-02-07T01:39:08.561+0000][3.688s] GC(3) Concurrent Scan Root Regions
[2026-02-07T01:39:08.565+0000][3.692s] GC(3) Concurrent Scan Root Regions 4.082ms
[2026-02-07T01:39:08.566+0000][3.693s] GC(3) Concurrent Mark
[2026-02-07T01:39:08.566+0000][3.693s] GC(3) Concurrent Mark From Roots
[2026-02-07T01:39:08.566+0000][3.694s] GC(3) Using 4 workers of 4 for marking
[2026-02-07T01:39:08.572+0000][3.700s] GC(3) Concurrent Mark From Roots 6.516ms
[2026-02-07T01:39:08.573+0000][3.700s] GC(3) Concurrent Preclean
[2026-02-07T01:39:08.575+0000][3.702s] GC(3) Concurrent Preclean 1.858ms
[2026-02-07T01:39:08.576+0000][3.703s] GC(3) Pause Remark
[2026-02-07T01:39:08.583+0000][3.710s] GC(3) Pause Remark 24M->24M(512M) 6.779ms
[2026-02-07T01:39:08.583+0000][3.710s] GC(3) User=0.01s Sys=0.00s Real=0.01s
[2026-02-07T01:39:08.583+0000][3.711s] GC(3) Concurrent Mark 17.734ms
[2026-02-07T01:39:08.584+0000][3.711s] GC(3) Concurrent Rebuild Remembered Sets
[2026-02-07T01:39:08.588+0000][3.716s] GC(3) Concurrent Rebuild Remembered Sets 4.854ms
[2026-02-07T01:39:08.589+0000][3.716s] GC(3) Pause Cleanup
[2026-02-07T01:39:08.591+0000][3.718s] GC(3) Pause Cleanup 25M->25M(512M) 1.944ms
[2026-02-07T01:39:08.591+0000][3.719s] GC(3) User=0.00s Sys=0.00s Real=0.00s
[2026-02-07T01:39:08.592+0000][3.719s] GC(3) Concurrent Cleanup for Next Mark
[2026-02-07T01:39:08.595+0000][3.722s] GC(3) Concurrent Cleanup for Next Mark 3.398ms
[2026-02-07T01:39:08.596+0000][3.723s] GC(3) Concurrent Mark Cycle 38.720ms
[2026-02-07T01:39:10.618+0000][5.746s] GC(4) Pause Young (Prepare Mixed) (Metadata GC Threshold)
[2026-02-07T01:39:10.619+0000][5.746s] GC(4) Using 16 workers of 16 for evacuation
[2026-02-07T01:39:10.634+0000][5.761s] GC(4)   Pre Evacuate Collection Set: 0.80ms
[2026-02-07T01:39:10.635+0000][5.762s] GC(4)   Merge Heap Roots: 0.48ms
[2026-02-07T01:39:10.635+0000][5.763s] GC(4)   Evacuate Collection Set: 10.45ms
[2026-02-07T01:39:10.636+0000][5.763s] GC(4)   Post Evacuate Collection Set: 2.62ms
[2026-02-07T01:39:10.636+0000][5.763s] GC(4)   Other: 1.48ms
[2026-02-07T01:39:10.636+0000][5.764s] GC(4) Eden regions: 98->0(14)
[2026-02-07T01:39:10.637+0000][5.764s] GC(4) Survivor regions: 5->11(17)
[2026-02-07T01:39:10.637+0000][5.764s] GC(4) Old regions: 16->16
[2026-02-07T01:39:10.637+0000][5.765s] GC(4) Archive regions: 2->2
[2026-02-07T01:39:10.638+0000][5.765s] GC(4) Humongous regions: 4->4
[2026-02-07T01:39:10.638+0000][5.766s] GC(4) Metaspace: 35787K(36160K)->35787K(36160K) NonClass: 31349K(31552K)->31349K(31552K) Class: 4437K(4608K)->4437K(4608K)
[2026-02-07T01:39:10.639+0000][5.766s] GC(4) Pause Young (Prepare Mixed) (Metadata GC Threshold) 121M->30M(512M) 20.467ms
[2026-02-07T01:39:10.640+0000][5.767s] GC(4) User=0.06s Sys=0.01s Real=0.02s
[2026-02-07T01:39:10.680+0000][5.807s] GC(5) Pause Young (Mixed) (Metadata GC Threshold)
[2026-02-07T01:39:10.680+0000][5.808s] GC(5) Using 16 workers of 16 for evacuation
[2026-02-07T01:39:10.689+0000][5.817s] GC(5)   Pre Evacuate Collection Set: 0.32ms
[2026-02-07T01:39:10.690+0000][5.817s] GC(5)   Merge Heap Roots: 0.25ms
[2026-02-07T01:39:10.690+0000][5.818s] GC(5)   Evacuate Collection Set: 6.86ms
[2026-02-07T01:39:10.691+0000][5.818s] GC(5)   Post Evacuate Collection Set: 0.94ms
[2026-02-07T01:39:10.692+0000][5.819s] GC(5)   Other: 1.25ms
[2026-02-07T01:39:10.692+0000][5.819s] GC(5) Eden regions: 3->0(305)
[2026-02-07T01:39:10.693+0000][5.820s] GC(5) Survivor regions: 11->2(4)
[2026-02-07T01:39:10.693+0000][5.820s] GC(5) Old regions: 16->25
[2026-02-07T01:39:10.693+0000][5.820s] GC(5) Archive regions: 2->2
[2026-02-07T01:39:10.693+0000][5.821s] GC(5) Humongous regions: 4->4
[2026-02-07T01:39:10.694+0000][5.821s] GC(5) Metaspace: 36140K(36480K)->36140K(36480K) NonClass: 31657K(31808K)->31657K(31808K) Class: 4482K(4672K)->4482K(4672K)
[2026-02-07T01:39:10.694+0000][5.821s] GC(5) Pause Young (Mixed) (Metadata GC Threshold) 32M->30M(512M) 14.111ms
[2026-02-07T01:39:10.694+0000][5.821s] GC(5) User=0.08s Sys=0.01s Real=0.02s
[2026-02-07T01:39:10.713+0000][5.841s] GC(6) Pause Young (Concurrent Start) (Metadata GC Threshold)
[2026-02-07T01:39:10.714+0000][5.841s] GC(6) Using 16 workers of 16 for evacuation
[2026-02-07T01:39:10.718+0000][5.845s] GC(6)   Pre Evacuate Collection Set: 0.39ms
[2026-02-07T01:39:10.719+0000][5.846s] GC(6)   Merge Heap Roots: 0.31ms
[2026-02-07T01:39:10.719+0000][5.847s] GC(6)   Evacuate Collection Set: 2.34ms
[2026-02-07T01:39:10.720+0000][5.847s] GC(6)   Post Evacuate Collection Set: 1.03ms
[2026-02-07T01:39:10.720+0000][5.847s] GC(6)   Other: 0.69ms
[2026-02-07T01:39:10.720+0000][5.847s] GC(6) Eden regions: 2->0(306)
[2026-02-07T01:39:10.720+0000][5.848s] GC(6) Survivor regions: 2->1(39)
[2026-02-07T01:39:10.720+0000][5.848s] GC(6) Old regions: 25->25
[2026-02-07T01:39:10.721+0000][5.848s] GC(6) Archive regions: 2->2
[2026-02-07T01:39:10.721+0000][5.848s] GC(6) Humongous regions: 4->4
[2026-02-07T01:39:10.721+0000][5.848s] GC(6) Metaspace: 36390K(36800K)->36390K(36800K) NonClass: 31886K(32064K)->31886K(32064K) Class: 4504K(4736K)->4504K(4736K)
[2026-02-07T01:39:10.721+0000][5.849s] GC(6) Pause Young (Concurrent Start) (Metadata GC Threshold) 32M->29M(512M) 7.871ms
[2026-02-07T01:39:10.721+0000][5.849s] GC(6) User=0.01s Sys=0.02s Real=0.01s
[2026-02-07T01:39:10.722+0000][5.849s] GC(7) Concurrent Mark Cycle
[2026-02-07T01:39:10.728+0000][5.856s] GC(7) Concurrent Clear Claimed Marks
[2026-02-07T01:39:10.729+0000][5.856s] GC(7) Concurrent Clear Claimed Marks 0.911ms
[2026-02-07T01:39:10.730+0000][5.858s] GC(7) Concurrent Scan Root Regions
[2026-02-07T01:39:10.732+0000][5.860s] GC(7) Concurrent Scan Root Regions 2.119ms
[2026-02-07T01:39:10.733+0000][5.860s] GC(7) Concurrent Mark
[2026-02-07T01:39:10.734+0000][5.861s] GC(7) Concurrent Mark From Roots
[2026-02-07T01:39:10.737+0000][5.864s] GC(7) Using 4 workers of 4 for marking
[2026-02-07T01:39:10.750+0000][5.877s] GC(7) Concurrent Mark From Roots 16.525ms
[2026-02-07T01:39:10.751+0000][5.878s] GC(7) Concurrent Preclean
[2026-02-07T01:39:10.752+0000][5.879s] GC(7) Concurrent Preclean 1.203ms
[2026-02-07T01:39:10.753+0000][5.880s] GC(7) Pause Remark
[2026-02-07T01:39:10.758+0000][5.885s] GC(7) Pause Remark 33M->33M(512M) 4.386ms
[2026-02-07T01:39:10.758+0000][5.885s] GC(7) User=0.03s Sys=0.00s Real=0.00s
[2026-02-07T01:39:10.759+0000][5.886s] GC(7) Concurrent Mark 26.148ms
[2026-02-07T01:39:10.759+0000][5.887s] GC(7) Concurrent Rebuild Remembered Sets
[2026-02-07T01:39:10.766+0000][5.894s] GC(7) Concurrent Rebuild Remembered Sets 6.897ms
[2026-02-07T01:39:10.768+0000][5.895s] GC(7) Pause Cleanup
[2026-02-07T01:39:10.769+0000][5.896s] GC(7) Pause Cleanup 33M->33M(512M) 1.209ms
[2026-02-07T01:39:10.770+0000][5.897s] GC(7) User=0.01s Sys=0.00s Real=0.01s
[2026-02-07T01:39:10.770+0000][5.898s] GC(7) Concurrent Cleanup for Next Mark
[2026-02-07T01:39:10.774+0000][5.901s] GC(7) Concurrent Cleanup for Next Mark 3.685ms
[2026-02-07T01:39:10.775+0000][5.902s] GC(7) Concurrent Mark Cycle 53.248ms
[2026-02-07T01:39:47.840+0000][42.971s] Heap
[2026-02-07T01:39:47.841+0000][42.972s]  garbage-first heap   total 524288K, used 118652K [0x00000000e0000000, 0x0000000100000000)
[2026-02-07T01:39:47.841+0000][42.972s]   region size 1024K, 87 young (89088K), 1 survivors (1024K)
[2026-02-07T01:39:47.842+0000][42.973s]  Metaspace       used 44930K, committed 45440K, reserved 1114112K
[2026-02-07T01:39:47.842+0000][42.973s]   class space    used 5713K, committed 5952K, reserved 1048576K
