[2026-02-07T01:56:42.525+0000][0.234s] Using G1
[2026-02-07T01:56:42.641+0000][0.351s] Version: 17.0.18+8 (release)
[2026-02-07T01:56:42.642+0000][0.352s] CPUs: 22 total, 22 available
[2026-02-07T01:56:42.643+0000][0.352s] Memory: 7664M
[2026-02-07T01:56:42.644+0000][0.353s] Large Page Support: Disabled
[2026-02-07T01:56:42.645+0000][0.355s] NUMA Support: Disabled
[2026-02-07T01:56:42.646+0000][0.356s] Compressed Oops: Enabled (32-bit)
[2026-02-07T01:56:42.647+0000][0.357s] Heap Region Size: 1M
[2026-02-07T01:56:42.648+0000][0.358s] Heap Min Capacity: 512M
[2026-02-07T01:56:42.649+0000][0.358s] Heap Initial Capacity: 512M
[2026-02-07T01:56:42.651+0000][0.360s] Heap Max Capacity: 512M
[2026-02-07T01:56:42.652+0000][0.361s] Pre-touch: Enabled
[2026-02-07T01:56:42.653+0000][0.362s] Parallel Workers: 16
[2026-02-07T01:56:42.653+0000][0.363s] Concurrent Workers: 4
[2026-02-07T01:56:42.655+0000][0.364s] Concurrent Refinement Workers: 16
[2026-02-07T01:56:42.656+0000][0.365s] Periodic GC: Disabled
[2026-02-07T01:56:42.667+0000][0.376s] CDS archive(s) mapped at: [0x0000761ef7000000-0x0000761ef7a60000-0x0000761ef7a60000), size 10878976, SharedBaseAddress: 0x0000761ef7000000, ArchiveRelocationMode: 1.
[2026-02-07T01:56:42.668+0000][0.377s] Compressed class space mapped at: 0x0000761ef8000000-0x0000761f38000000, reserved size: 1073741824
[2026-02-07T01:56:42.668+0000][0.378s] Narrow klass base: 0x0000761ef7000000, Narrow klass shift: 0, Narrow klass range: 0x100000000
[2026-02-07T01:56:46.965+0000][4.675s] GC(0) Pause Young (Normal) (G1 Evacuation Pause)
[2026-02-07T01:56:46.989+0000][4.699s] GC(0) Using 12 workers of 16 for evacuation
[2026-02-07T01:56:46.998+0000][4.708s] GC(0)   Pre Evacuate Collection Set: 0.23ms
[2026-02-07T01:56:47.000+0000][4.710s] GC(0)   Merge Heap Roots: 0.46ms
[2026-02-07T01:56:47.001+0000][4.710s] GC(0)   Evacuate Collection Set: 5.61ms
[2026-02-07T01:56:47.001+0000][4.710s] GC(0)   Post Evacuate Collection Set: 1.49ms
[2026-02-07T01:56:47.002+0000][4.711s] GC(0)   Other: 25.26ms
[2026-02-07T01:56:47.003+0000][4.712s] GC(0) Eden regions: 29->0(61)
[2026-02-07T01:56:47.003+0000][4.712s] GC(0) Survivor regions: 0->4(4)
[2026-02-07T01:56:47.003+0000][4.713s] GC(0) Old regions: 0->0
[2026-02-07T01:56:47.004+0000][4.713s] GC(0) Archive regions: 2->2
[2026-02-07T01:56:47.004+0000][4.714s] GC(0) Humongous regions: 0->0
[2026-02-07T01:56:47.005+0000][4.714s] GC(0) Metaspace: 9795K(9984K)->9795K(9984K) NonClass: 8605K(8704K)->8605K(8704K) Class: 1189K(1280K)->1189K(1280K)
[2026-02-07T01:56:47.008+0000][4.717s] GC(0) Pause Young (Normal) (G1 Evacuation Pause) 29M->4M(512M) 42.391ms
[2026-02-07T01:56:47.021+0000][4.731s] GC(0) User=0.04s Sys=0.00s Real=0.06s
[2026-02-07T01:56:48.031+0000][5.740s] GC(1) Pause Young (Normal) (G1 Evacuation Pause)
[2026-02-07T01:56:48.031+0000][5.741s] GC(1) Using 16 workers of 16 for evacuation
[2026-02-07T01:56:48.039+0000][5.749s] GC(1)   Pre Evacuate Collection Set: 0.35ms
[2026-02-07T01:56:48.040+0000][5.749s] GC(1)   Merge Heap Roots: 0.25ms
[2026-02-07T01:56:48.040+0000][5.750s] GC(1)   Evacuate Collection Set: 5.62ms
[2026-02-07T01:56:48.041+0000][5.750s] GC(1)   Post Evacuate Collection Set: 1.35ms
[2026-02-07T01:56:48.041+0000][5.750s] GC(1)   Other: 1.03ms
[2026-02-07T01:56:48.041+0000][5.751s] GC(1) Eden regions: 61->0(82)
[2026-02-07T01:56:48.042+0000][5.751s] GC(1) Survivor regions: 4->9(9)
[2026-02-07T01:56:48.042+0000][5.751s] GC(1) Old regions: 0->6
[2026-02-07T01:56:48.042+0000][5.752s] GC(1) Archive regions: 2->2
[2026-02-07T01:56:48.043+0000][5.752s] GC(1) Humongous regions: 4->4
[2026-02-07T01:56:48.043+0000][5.752s] GC(1) Metaspace: 16828K(17152K)->16828K(17152K) NonClass: 14804K(14976K)->14804K(14976K) Class: 2023K(2176K)->2023K(2176K)
[2026-02-07T01:56:48.044+0000][5.753s] GC(1) Pause Young (Normal) (G1 Evacuation Pause) 69M->19M(512M) 12.737ms
[2026-02-07T01:56:48.044+0000][5.753s] GC(1) User=0.04s Sys=0.01s Real=0.01s
[2026-02-07T01:56:48.737+0000][6.446s] GC(2) Pause Young (Concurrent Start) (Metadata GC Threshold)
[2026-02-07T01:56:48.737+0000][6.447s] GC(2) Using 16 workers of 16 for evacuation
[2026-02-07T01:56:48.747+0000][6.456s] GC(2)   Pre Evacuate Collection Set: 0.34ms
[2026-02-07T01:56:48.747+0000][6.457s] GC(2)   Merge Heap Roots: 0.32ms
[2026-02-07T01:56:48.748+0000][6.457s] GC(2)   Evacuate Collection Set: 7.07ms
[2026-02-07T01:56:48.748+0000][6.457s] GC(2)   Post Evacuate Collection Set: 1.17ms
[2026-02-07T01:56:48.748+0000][6.458s] GC(2)   Other: 1.10ms
[2026-02-07T01:56:48.748+0000][6.458s] GC(2) Eden regions: 61->0(113)
[2026-02-07T01:56:48.749+0000][6.458s] GC(2) Survivor regions: 9->4(12)
[2026-02-07T01:56:48.749+0000][6.458s] GC(2) Old regions: 6->15
[2026-02-07T01:56:48.749+0000][6.458s] GC(2) Archive regions: 2->2
[2026-02-07T01:56:48.749+0000][6.459s] GC(2) Humongous regions: 4->4
[2026-02-07T01:56:48.750+0000][6.459s] GC(2) Metaspace: 21170K(21504K)->21170K(21504K) NonClass: 18607K(18752K)->18607K(18752K) Class: 2562K(2752K)->2562K(2752K)
[2026-02-07T01:56:48.750+0000][6.459s] GC(2) Pause Young (Concurrent Start) (Metadata GC Threshold) 79M->23M(512M) 12.990ms
[2026-02-07T01:56:48.750+0000][6.460s] GC(2) User=0.02s Sys=0.00s Real=0.02s
[2026-02-07T01:56:48.750+0000][6.460s] GC(3) Concurrent Mark Cycle
[2026-02-07T01:56:48.751+0000][6.460s] GC(3) Concurrent Clear Claimed Marks
[2026-02-07T01:56:48.751+0000][6.461s] GC(3) Concurrent Clear Claimed Marks 0.295ms
[2026-02-07T01:56:48.752+0000][6.461s] GC(3) Concurrent Scan Root Regions
[2026-02-07T01:56:48.755+0000][6.465s] GC(3) Concurrent Scan Root Regions 3.543ms
[2026-02-07T01:56:48.756+0000][6.465s] GC(3) Concurrent Mark
[2026-02-07T01:56:48.756+0000][6.465s] GC(3) Concurrent Mark From Roots
[2026-02-07T01:56:48.756+0000][6.465s] GC(3) Using 4 workers of 4 for marking
[2026-02-07T01:56:48.760+0000][6.469s] GC(3) Concurrent Mark From Roots 3.953ms
[2026-02-07T01:56:48.762+0000][6.471s] GC(3) Concurrent Preclean
[2026-02-07T01:56:48.762+0000][6.471s] GC(3) Concurrent Preclean 0.367ms
[2026-02-07T01:56:48.763+0000][6.472s] GC(3) Pause Remark
[2026-02-07T01:56:48.767+0000][6.476s] GC(3) Pause Remark 23M->23M(512M) 4.010ms
[2026-02-07T01:56:48.767+0000][6.476s] GC(3) User=0.00s Sys=0.01s Real=0.00s
[2026-02-07T01:56:48.767+0000][6.477s] GC(3) Concurrent Mark 11.761ms
[2026-02-07T01:56:48.768+0000][6.477s] GC(3) Concurrent Rebuild Remembered Sets
[2026-02-07T01:56:48.771+0000][6.481s] GC(3) Concurrent Rebuild Remembered Sets 3.833ms
[2026-02-07T01:56:48.772+0000][6.481s] GC(3) Pause Cleanup
[2026-02-07T01:56:48.773+0000][6.482s] GC(3) Pause Cleanup 23M->23M(512M) 0.604ms
[2026-02-07T01:56:48.773+0000][6.482s] GC(3) User=0.00s Sys=0.00s Real=0.00s
[2026-02-07T01:56:48.773+0000][6.483s] GC(3) Concurrent Cleanup for Next Mark
[2026-02-07T01:56:48.774+0000][6.484s] GC(3) Concurrent Cleanup for Next Mark 0.855ms
[2026-02-07T01:56:48.775+0000][6.484s] GC(3) Concurrent Mark Cycle 24.243ms
[2026-02-07T01:56:51.063+0000][8.773s] GC(4) Pause Young (Concurrent Start) (Metadata GC Threshold)
[2026-02-07T01:56:51.064+0000][8.773s] GC(4) Using 16 workers of 16 for evacuation
[2026-02-07T01:56:51.075+0000][8.784s] GC(4)   Pre Evacuate Collection Set: 0.38ms
[2026-02-07T01:56:51.076+0000][8.785s] GC(4)   Merge Heap Roots: 0.40ms
[2026-02-07T01:56:51.076+0000][8.785s] GC(4)   Evacuate Collection Set: 7.81ms
[2026-02-07T01:56:51.076+0000][8.786s] GC(4)   Post Evacuate Collection Set: 1.99ms
[2026-02-07T01:56:51.077+0000][8.786s] GC(4)   Other: 1.19ms
[2026-02-07T01:56:51.077+0000][8.786s] GC(4) Eden regions: 115->0(297)
[2026-02-07T01:56:51.077+0000][8.787s] GC(4) Survivor regions: 4->10(16)
[2026-02-07T01:56:51.078+0000][8.787s] GC(4) Old regions: 15->15
[2026-02-07T01:56:51.078+0000][8.787s] GC(4) Archive regions: 2->2
[2026-02-07T01:56:51.078+0000][8.788s] GC(4) Humongous regions: 4->4
[2026-02-07T01:56:51.079+0000][8.788s] GC(4) Metaspace: 35763K(36096K)->35763K(36096K) NonClass: 31331K(31488K)->31331K(31488K) Class: 4431K(4608K)->4431K(4608K)
[2026-02-07T01:56:51.079+0000][8.788s] GC(4) Pause Young (Concurrent Start) (Metadata GC Threshold) 138M->29M(512M) 15.589ms
[2026-02-07T01:56:51.079+0000][8.789s] GC(4) User=0.08s Sys=0.01s Real=0.01s
[2026-02-07T01:56:51.080+0000][8.789s] GC(5) Concurrent Mark Cycle
[2026-02-07T01:56:51.080+0000][8.790s] GC(5) Concurrent Clear Claimed Marks
[2026-02-07T01:56:51.082+0000][8.791s] GC(5) Concurrent Clear Claimed Marks 1.412ms
[2026-02-07T01:56:51.084+0000][8.794s] GC(5) Concurrent Scan Root Regions
[2026-02-07T01:56:51.087+0000][8.796s] GC(5) Concurrent Scan Root Regions 2.723ms
[2026-02-07T01:56:51.093+0000][8.802s] GC(5) Concurrent Mark
[2026-02-07T01:56:51.093+0000][8.803s] GC(5) Concurrent Mark From Roots
[2026-02-07T01:56:51.094+0000][8.803s] GC(5) Using 4 workers of 4 for marking
[2026-02-07T01:56:51.101+0000][8.810s] GC(5) Concurrent Mark From Roots 7.756ms
[2026-02-07T01:56:51.102+0000][8.811s] GC(5) Concurrent Preclean
[2026-02-07T01:56:51.102+0000][8.812s] GC(5) Concurrent Preclean 0.764ms
[2026-02-07T01:56:51.103+0000][8.813s] GC(5) Pause Remark
[2026-02-07T01:56:51.107+0000][8.817s] GC(5) Pause Remark 31M->31M(512M) 4.207ms
[2026-02-07T01:56:51.108+0000][8.818s] GC(5) User=0.01s Sys=0.01s Real=0.00s
[2026-02-07T01:56:51.109+0000][8.819s] GC(5) Concurrent Mark 16.384ms
[2026-02-07T01:56:51.110+0000][8.819s] GC(5) Concurrent Rebuild Remembered Sets
[2026-02-07T01:56:51.114+0000][8.823s] GC(5) Concurrent Rebuild Remembered Sets 4.270ms
[2026-02-07T01:56:51.115+0000][8.824s] GC(5) Pause Cleanup
[2026-02-07T01:56:51.116+0000][8.825s] GC(5) Pause Cleanup 31M->31M(512M) 1.050ms
[2026-02-07T01:56:51.116+0000][8.826s] GC(5) User=0.00s Sys=0.00s Real=0.00s
[2026-02-07T01:56:51.117+0000][8.827s] GC(5) Concurrent Cleanup for Next Mark
[2026-02-07T01:56:51.118+0000][8.828s] GC(5) Concurrent Cleanup for Next Mark 1.189ms
[2026-02-07T01:56:51.119+0000][8.828s] GC(5) Concurrent Mark Cycle 39.027ms
[2026-02-07T01:57:38.231+0000][55.947s] Heap
[2026-02-07T01:57:38.232+0000][55.948s]  garbage-first heap   total 524288K, used 172405K [0x00000000e0000000, 0x0000000100000000)
[2026-02-07T01:57:38.232+0000][55.948s]   region size 1024K, 149 young (152576K), 10 survivors (10240K)
[2026-02-07T01:57:38.233+0000][55.949s]  Metaspace       used 47683K, committed 48128K, reserved 1114112K
[2026-02-07T01:57:38.233+0000][55.949s]   class space    used 6090K, committed 6272K, reserved 1048576K
