[2026-02-07T01:44:53.246+0000][0.130s] Using G1
[2026-02-07T01:44:53.353+0000][0.237s] Version: 17.0.18+8 (release)
[2026-02-07T01:44:53.353+0000][0.238s] CPUs: 22 total, 22 available
[2026-02-07T01:44:53.354+0000][0.239s] Memory: 7664M
[2026-02-07T01:44:53.355+0000][0.239s] Large Page Support: Disabled
[2026-02-07T01:44:53.355+0000][0.240s] NUMA Support: Disabled
[2026-02-07T01:44:53.356+0000][0.241s] Compressed Oops: Enabled (32-bit)
[2026-02-07T01:44:53.356+0000][0.241s] Heap Region Size: 1M
[2026-02-07T01:44:53.357+0000][0.242s] Heap Min Capacity: 512M
[2026-02-07T01:44:53.358+0000][0.242s] Heap Initial Capacity: 512M
[2026-02-07T01:44:53.359+0000][0.243s] Heap Max Capacity: 512M
[2026-02-07T01:44:53.359+0000][0.244s] Pre-touch: Enabled
[2026-02-07T01:44:53.360+0000][0.244s] Parallel Workers: 16
[2026-02-07T01:44:53.360+0000][0.245s] Concurrent Workers: 4
[2026-02-07T01:44:53.361+0000][0.245s] Concurrent Refinement Workers: 16
[2026-02-07T01:44:53.361+0000][0.246s] Periodic GC: Disabled
[2026-02-07T01:44:53.373+0000][0.258s] CDS archive(s) mapped at: [0x0000795d17000000-0x0000795d17a60000-0x0000795d17a60000), size 10878976, SharedBaseAddress: 0x0000795d17000000, ArchiveRelocationMode: 1.
[2026-02-07T01:44:53.374+0000][0.259s] Compressed class space mapped at: 0x0000795d18000000-0x0000795d58000000, reserved size: 1073741824
[2026-02-07T01:44:53.375+0000][0.259s] Narrow klass base: 0x0000795d17000000, Narrow klass shift: 0, Narrow klass range: 0x100000000
[2026-02-07T01:44:54.390+0000][1.275s] GC(0) Pause Young (Normal) (G1 Evacuation Pause)
[2026-02-07T01:44:54.391+0000][1.276s] GC(0) Using 12 workers of 16 for evacuation
[2026-02-07T01:44:54.398+0000][1.282s] GC(0)   Pre Evacuate Collection Set: 0.55ms
[2026-02-07T01:44:54.398+0000][1.283s] GC(0)   Merge Heap Roots: 0.41ms
[2026-02-07T01:44:54.399+0000][1.284s] GC(0)   Evacuate Collection Set: 4.21ms
[2026-02-07T01:44:54.400+0000][1.285s] GC(0)   Post Evacuate Collection Set: 0.93ms
[2026-02-07T01:44:54.400+0000][1.285s] GC(0)   Other: 1.55ms
[2026-02-07T01:44:54.401+0000][1.286s] GC(0) Eden regions: 29->0(60)
[2026-02-07T01:44:54.402+0000][1.286s] GC(0) Survivor regions: 0->4(4)
[2026-02-07T01:44:54.402+0000][1.287s] GC(0) Old regions: 0->0
[2026-02-07T01:44:54.403+0000][1.288s] GC(0) Archive regions: 2->2
[2026-02-07T01:44:54.403+0000][1.288s] GC(0) Humongous regions: 0->0
[2026-02-07T01:44:54.404+0000][1.289s] GC(0) Metaspace: 9751K(9984K)->9751K(9984K) NonClass: 8566K(8704K)->8566K(8704K) Class: 1185K(1280K)->1185K(1280K)
[2026-02-07T01:44:54.405+0000][1.289s] GC(0) Pause Young (Normal) (G1 Evacuation Pause) 29M->4M(512M) 14.530ms
[2026-02-07T01:44:54.405+0000][1.290s] GC(0) User=0.05s Sys=0.00s Real=0.01s
[2026-02-07T01:44:55.181+0000][2.065s] GC(1) Pause Young (Normal) (G1 Evacuation Pause)
[2026-02-07T01:44:55.181+0000][2.066s] GC(1) Using 16 workers of 16 for evacuation
[2026-02-07T01:44:55.191+0000][2.076s] GC(1)   Pre Evacuate Collection Set: 0.41ms
[2026-02-07T01:44:55.191+0000][2.076s] GC(1)   Merge Heap Roots: 0.32ms
[2026-02-07T01:44:55.192+0000][2.077s] GC(1)   Evacuate Collection Set: 6.98ms
[2026-02-07T01:44:55.192+0000][2.077s] GC(1)   Post Evacuate Collection Set: 1.11ms
[2026-02-07T01:44:55.193+0000][2.077s] GC(1)   Other: 1.53ms
[2026-02-07T01:44:55.193+0000][2.078s] GC(1) Eden regions: 60->0(78)
[2026-02-07T01:44:55.194+0000][2.079s] GC(1) Survivor regions: 4->8(8)
[2026-02-07T01:44:55.194+0000][2.079s] GC(1) Old regions: 0->7
[2026-02-07T01:44:55.195+0000][2.080s] GC(1) Archive regions: 2->2
[2026-02-07T01:44:55.196+0000][2.080s] GC(1) Humongous regions: 4->4
[2026-02-07T01:44:55.196+0000][2.081s] GC(1) Metaspace: 16854K(17152K)->16854K(17152K) NonClass: 14831K(14976K)->14831K(14976K) Class: 2022K(2176K)->2022K(2176K)
[2026-02-07T01:44:55.197+0000][2.081s] GC(1) Pause Young (Normal) (G1 Evacuation Pause) 68M->19M(512M) 15.975ms
[2026-02-07T01:44:55.197+0000][2.082s] GC(1) User=0.08s Sys=0.01s Real=0.01s
[2026-02-07T01:44:55.704+0000][2.589s] GC(2) Pause Young (Concurrent Start) (Metadata GC Threshold)
[2026-02-07T01:44:55.705+0000][2.590s] GC(2) Using 16 workers of 16 for evacuation
[2026-02-07T01:44:55.712+0000][2.597s] GC(2)   Pre Evacuate Collection Set: 0.38ms
[2026-02-07T01:44:55.713+0000][2.597s] GC(2)   Merge Heap Roots: 0.28ms
[2026-02-07T01:44:55.713+0000][2.597s] GC(2)   Evacuate Collection Set: 4.58ms
[2026-02-07T01:44:55.713+0000][2.598s] GC(2)   Post Evacuate Collection Set: 1.19ms
[2026-02-07T01:44:55.713+0000][2.598s] GC(2)   Other: 1.33ms
[2026-02-07T01:44:55.714+0000][2.599s] GC(2) Eden regions: 63->0(125)
[2026-02-07T01:44:55.714+0000][2.599s] GC(2) Survivor regions: 8->5(11)
[2026-02-07T01:44:55.714+0000][2.599s] GC(2) Old regions: 7->15
[2026-02-07T01:44:55.715+0000][2.599s] GC(2) Archive regions: 2->2
[2026-02-07T01:44:55.715+0000][2.599s] GC(2) Humongous regions: 4->4
[2026-02-07T01:44:55.715+0000][2.600s] GC(2) Metaspace: 21198K(21504K)->21198K(21504K) NonClass: 18635K(18752K)->18635K(18752K) Class: 2563K(2752K)->2563K(2752K)
[2026-02-07T01:44:55.715+0000][2.600s] GC(2) Pause Young (Concurrent Start) (Metadata GC Threshold) 81M->23M(512M) 10.698ms
[2026-02-07T01:44:55.715+0000][2.600s] GC(2) User=0.06s Sys=0.00s Real=0.01s
[2026-02-07T01:44:55.716+0000][2.600s] GC(3) Concurrent Mark Cycle
[2026-02-07T01:44:55.716+0000][2.601s] GC(3) Concurrent Clear Claimed Marks
[2026-02-07T01:44:55.717+0000][2.601s] GC(3) Concurrent Clear Claimed Marks 0.432ms
[2026-02-07T01:44:55.717+0000][2.601s] GC(3) Concurrent Scan Root Regions
[2026-02-07T01:44:55.720+0000][2.605s] GC(3) Concurrent Scan Root Regions 3.405ms
[2026-02-07T01:44:55.721+0000][2.605s] GC(3) Concurrent Mark
[2026-02-07T01:44:55.721+0000][2.606s] GC(3) Concurrent Mark From Roots
[2026-02-07T01:44:55.721+0000][2.606s] GC(3) Using 4 workers of 4 for marking
[2026-02-07T01:44:55.726+0000][2.611s] GC(3) Concurrent Mark From Roots 5.425ms
[2026-02-07T01:44:55.727+0000][2.612s] GC(3) Concurrent Preclean
[2026-02-07T01:44:55.728+0000][2.612s] GC(3) Concurrent Preclean 0.578ms
[2026-02-07T01:44:55.728+0000][2.613s] GC(3) Pause Remark
[2026-02-07T01:44:55.731+0000][2.616s] GC(3) Pause Remark 24M->24M(512M) 3.458ms
[2026-02-07T01:44:55.732+0000][2.616s] GC(3) User=0.01s Sys=0.01s Real=0.00s
[2026-02-07T01:44:55.732+0000][2.617s] GC(3) Concurrent Mark 11.442ms
[2026-02-07T01:44:55.732+0000][2.617s] GC(3) Concurrent Rebuild Remembered Sets
[2026-02-07T01:44:55.736+0000][2.620s] GC(3) Concurrent Rebuild Remembered Sets 3.393ms
[2026-02-07T01:44:55.736+0000][2.621s] GC(3) Pause Cleanup
[2026-02-07T01:44:55.737+0000][2.622s] GC(3) Pause Cleanup 24M->24M(512M) 0.691ms
[2026-02-07T01:44:55.737+0000][2.622s] GC(3) User=0.00s Sys=0.00s Real=0.00s
[2026-02-07T01:44:55.738+0000][2.623s] GC(3) Concurrent Cleanup for Next Mark
[2026-02-07T01:44:55.742+0000][2.626s] GC(3) Concurrent Cleanup for Next Mark 3.632ms
[2026-02-07T01:44:55.742+0000][2.627s] GC(3) Concurrent Mark Cycle 26.216ms
[2026-02-07T01:44:57.509+0000][4.394s] GC(4) Pause Young (Concurrent Start) (Metadata GC Threshold)
[2026-02-07T01:44:57.510+0000][4.395s] GC(4) Using 16 workers of 16 for evacuation
[2026-02-07T01:44:57.518+0000][4.403s] GC(4)   Pre Evacuate Collection Set: 0.62ms
[2026-02-07T01:44:57.519+0000][4.403s] GC(4)   Merge Heap Roots: 0.27ms
[2026-02-07T01:44:57.519+0000][4.404s] GC(4)   Evacuate Collection Set: 4.08ms
[2026-02-07T01:44:57.519+0000][4.404s] GC(4)   Post Evacuate Collection Set: 2.32ms
[2026-02-07T01:44:57.520+0000][4.405s] GC(4)   Other: 1.53ms
[2026-02-07T01:44:57.520+0000][4.405s] GC(4) Eden regions: 113->0(297)
[2026-02-07T01:44:57.521+0000][4.405s] GC(4) Survivor regions: 5->10(17)
[2026-02-07T01:44:57.521+0000][4.406s] GC(4) Old regions: 15->15
[2026-02-07T01:44:57.521+0000][4.406s] GC(4) Archive regions: 2->2
[2026-02-07T01:44:57.522+0000][4.406s] GC(4) Humongous regions: 4->4
[2026-02-07T01:44:57.522+0000][4.407s] GC(4) Metaspace: 35794K(36160K)->35794K(36160K) NonClass: 31356K(31552K)->31356K(31552K) Class: 4438K(4608K)->4438K(4608K)
[2026-02-07T01:44:57.523+0000][4.407s] GC(4) Pause Young (Concurrent Start) (Metadata GC Threshold) 136M->29M(512M) 13.362ms
[2026-02-07T01:44:57.523+0000][4.408s] GC(4) User=0.04s Sys=0.01s Real=0.01s
[2026-02-07T01:44:57.524+0000][4.409s] GC(5) Concurrent Mark Cycle
[2026-02-07T01:44:57.524+0000][4.409s] GC(5) Concurrent Clear Claimed Marks
[2026-02-07T01:44:57.525+0000][4.410s] GC(5) Concurrent Clear Claimed Marks 0.574ms
[2026-02-07T01:44:57.525+0000][4.410s] GC(5) Concurrent Scan Root Regions
[2026-02-07T01:44:57.527+0000][4.412s] GC(5) Concurrent Scan Root Regions 2.037ms
[2026-02-07T01:44:57.528+0000][4.412s] GC(5) Concurrent Mark
[2026-02-07T01:44:57.528+0000][4.413s] GC(5) Concurrent Mark From Roots
[2026-02-07T01:44:57.529+0000][4.414s] GC(5) Using 4 workers of 4 for marking
[2026-02-07T01:44:57.538+0000][4.423s] GC(5) Concurrent Mark From Roots 9.424ms
[2026-02-07T01:44:57.539+0000][4.423s] GC(5) Concurrent Preclean
[2026-02-07T01:44:57.541+0000][4.425s] GC(5) Concurrent Preclean 1.732ms
[2026-02-07T01:44:57.542+0000][4.427s] GC(5) Pause Remark
[2026-02-07T01:44:57.547+0000][4.432s] GC(5) Pause Remark 31M->31M(512M) 5.240ms
[2026-02-07T01:44:57.548+0000][4.432s] GC(5) User=0.02s Sys=0.01s Real=0.01s
[2026-02-07T01:44:57.548+0000][4.433s] GC(5) Concurrent Mark 20.651ms
[2026-02-07T01:44:57.549+0000][4.433s] GC(5) Concurrent Rebuild Remembered Sets
[2026-02-07T01:44:57.553+0000][4.438s] GC(5) Concurrent Rebuild Remembered Sets 4.481ms
[2026-02-07T01:44:57.554+0000][4.439s] GC(5) Pause Cleanup
[2026-02-07T01:44:57.555+0000][4.440s] GC(5) Pause Cleanup 31M->31M(512M) 1.072ms
[2026-02-07T01:44:57.556+0000][4.441s] GC(5) User=0.01s Sys=0.00s Real=0.00s
[2026-02-07T01:44:57.557+0000][4.441s] GC(5) Concurrent Cleanup for Next Mark
[2026-02-07T01:44:57.560+0000][4.445s] GC(5) Concurrent Cleanup for Next Mark 3.632ms
[2026-02-07T01:44:57.561+0000][4.445s] GC(5) Concurrent Mark Cycle 36.816ms
[2026-02-07T01:49:09.426+0000][256.338s] Heap
[2026-02-07T01:49:09.426+0000][256.338s]  garbage-first heap   total 524288K, used 237035K [0x00000000e0000000, 0x0000000100000000)
[2026-02-07T01:49:09.427+0000][256.339s]   region size 1024K, 212 young (217088K), 10 survivors (10240K)
[2026-02-07T01:49:09.427+0000][256.339s]  Metaspace       used 52652K, committed 53184K, reserved 1114112K
[2026-02-07T01:49:09.428+0000][256.340s]   class space    used 6773K, committed 7040K, reserved 1048576K
