[2026-02-07T01:41:29.071+0000][0.107s] Using G1
[2026-02-07T01:41:29.180+0000][0.216s] Version: 17.0.18+8 (release)
[2026-02-07T01:41:29.181+0000][0.216s] CPUs: 22 total, 22 available
[2026-02-07T01:41:29.181+0000][0.217s] Memory: 7664M
[2026-02-07T01:41:29.182+0000][0.217s] Large Page Support: Disabled
[2026-02-07T01:41:29.182+0000][0.218s] NUMA Support: Disabled
[2026-02-07T01:41:29.183+0000][0.218s] Compressed Oops: Enabled (32-bit)
[2026-02-07T01:41:29.183+0000][0.219s] Heap Region Size: 1M
[2026-02-07T01:41:29.184+0000][0.219s] Heap Min Capacity: 512M
[2026-02-07T01:41:29.184+0000][0.220s] Heap Initial Capacity: 512M
[2026-02-07T01:41:29.196+0000][0.232s] Heap Max Capacity: 512M
[2026-02-07T01:41:29.197+0000][0.232s] Pre-touch: Enabled
[2026-02-07T01:41:29.197+0000][0.232s] Parallel Workers: 16
[2026-02-07T01:41:29.197+0000][0.233s] Concurrent Workers: 4
[2026-02-07T01:41:29.198+0000][0.233s] Concurrent Refinement Workers: 16
[2026-02-07T01:41:29.198+0000][0.233s] Periodic GC: Disabled
[2026-02-07T01:41:29.212+0000][0.247s] CDS archive(s) mapped at: [0x00007fcf3b000000-0x00007fcf3ba60000-0x00007fcf3ba60000), size 10878976, SharedBaseAddress: 0x00007fcf3b000000, ArchiveRelocationMode: 1.
[2026-02-07T01:41:29.212+0000][0.248s] Compressed class space mapped at: 0x00007fcf3c000000-0x00007fcf7c000000, reserved size: 1073741824
[2026-02-07T01:41:29.213+0000][0.248s] Narrow klass base: 0x00007fcf3b000000, Narrow klass shift: 0, Narrow klass range: 0x100000000
[2026-02-07T01:41:30.293+0000][1.328s] GC(0) Pause Young (Normal) (G1 Evacuation Pause)
[2026-02-07T01:41:30.293+0000][1.328s] GC(0) Using 12 workers of 16 for evacuation
[2026-02-07T01:41:30.300+0000][1.335s] GC(0)   Pre Evacuate Collection Set: 0.63ms
[2026-02-07T01:41:30.300+0000][1.336s] GC(0)   Merge Heap Roots: 0.45ms
[2026-02-07T01:41:30.301+0000][1.336s] GC(0)   Evacuate Collection Set: 3.26ms
[2026-02-07T01:41:30.301+0000][1.337s] GC(0)   Post Evacuate Collection Set: 0.94ms
[2026-02-07T01:41:30.302+0000][1.337s] GC(0)   Other: 1.76ms
[2026-02-07T01:41:30.302+0000][1.338s] GC(0) Eden regions: 29->0(61)
[2026-02-07T01:41:30.303+0000][1.338s] GC(0) Survivor regions: 0->4(4)
[2026-02-07T01:41:30.303+0000][1.339s] GC(0) Old regions: 0->0
[2026-02-07T01:41:30.304+0000][1.339s] GC(0) Archive regions: 2->2
[2026-02-07T01:41:30.304+0000][1.340s] GC(0) Humongous regions: 0->0
[2026-02-07T01:41:30.305+0000][1.340s] GC(0) Metaspace: 9835K(10048K)->9835K(10048K) NonClass: 8641K(8768K)->8641K(8768K) Class: 1193K(1280K)->1193K(1280K)
[2026-02-07T01:41:30.305+0000][1.341s] GC(0) Pause Young (Normal) (G1 Evacuation Pause) 29M->4M(512M) 12.737ms
[2026-02-07T01:41:30.306+0000][1.341s] GC(0) User=0.02s Sys=0.01s Real=0.01s
[2026-02-07T01:41:31.067+0000][2.103s] GC(1) Pause Young (Normal) (G1 Evacuation Pause)
[2026-02-07T01:41:31.068+0000][2.104s] GC(1) Using 16 workers of 16 for evacuation
[2026-02-07T01:41:31.078+0000][2.113s] GC(1)   Pre Evacuate Collection Set: 0.79ms
[2026-02-07T01:41:31.078+0000][2.114s] GC(1)   Merge Heap Roots: 0.29ms
[2026-02-07T01:41:31.079+0000][2.114s] GC(1)   Evacuate Collection Set: 6.93ms
[2026-02-07T01:41:31.079+0000][2.114s] GC(1)   Post Evacuate Collection Set: 1.32ms
[2026-02-07T01:41:31.079+0000][2.115s] GC(1)   Other: 1.29ms
[2026-02-07T01:41:31.080+0000][2.115s] GC(1) Eden regions: 61->0(79)
[2026-02-07T01:41:31.080+0000][2.115s] GC(1) Survivor regions: 4->9(9)
[2026-02-07T01:41:31.080+0000][2.116s] GC(1) Old regions: 0->6
[2026-02-07T01:41:31.080+0000][2.116s] GC(1) Archive regions: 2->2
[2026-02-07T01:41:31.081+0000][2.116s] GC(1) Humongous regions: 4->4
[2026-02-07T01:41:31.081+0000][2.116s] GC(1) Metaspace: 16840K(17152K)->16840K(17152K) NonClass: 14817K(14976K)->14817K(14976K) Class: 2023K(2176K)->2023K(2176K)
[2026-02-07T01:41:31.081+0000][2.117s] GC(1) Pause Young (Normal) (G1 Evacuation Pause) 69M->19M(512M) 13.769ms
[2026-02-07T01:41:31.081+0000][2.117s] GC(1) User=0.10s Sys=0.00s Real=0.01s
[2026-02-07T01:41:31.602+0000][2.637s] GC(2) Pause Young (Concurrent Start) (Metadata GC Threshold)
[2026-02-07T01:41:31.603+0000][2.638s] GC(2) Using 16 workers of 16 for evacuation
[2026-02-07T01:41:31.612+0000][2.648s] GC(2)   Pre Evacuate Collection Set: 0.48ms
[2026-02-07T01:41:31.613+0000][2.648s] GC(2)   Merge Heap Roots: 0.29ms
[2026-02-07T01:41:31.614+0000][2.649s] GC(2)   Evacuate Collection Set: 6.28ms
[2026-02-07T01:41:31.614+0000][2.649s] GC(2)   Post Evacuate Collection Set: 1.32ms
[2026-02-07T01:41:31.614+0000][2.650s] GC(2)   Other: 2.00ms
[2026-02-07T01:41:31.615+0000][2.651s] GC(2) Eden regions: 61->0(106)
[2026-02-07T01:41:31.616+0000][2.651s] GC(2) Survivor regions: 9->5(11)
[2026-02-07T01:41:31.617+0000][2.652s] GC(2) Old regions: 6->15
[2026-02-07T01:41:31.617+0000][2.653s] GC(2) Archive regions: 2->2
[2026-02-07T01:41:31.618+0000][2.653s] GC(2) Humongous regions: 4->4
[2026-02-07T01:41:31.618+0000][2.654s] GC(2) Metaspace: 21192K(21504K)->21192K(21504K) NonClass: 18629K(18752K)->18629K(18752K) Class: 2563K(2752K)->2563K(2752K)
[2026-02-07T01:41:31.619+0000][2.655s] GC(2) Pause Young (Concurrent Start) (Metadata GC Threshold) 80M->23M(512M) 17.273ms
[2026-02-07T01:41:31.620+0000][2.655s] GC(2) User=0.05s Sys=0.01s Real=0.02s
[2026-02-07T01:41:31.621+0000][2.656s] GC(3) Concurrent Mark Cycle
[2026-02-07T01:41:31.621+0000][2.657s] GC(3) Concurrent Clear Claimed Marks
[2026-02-07T01:41:31.622+0000][2.657s] GC(3) Concurrent Clear Claimed Marks 0.435ms
[2026-02-07T01:41:31.622+0000][2.657s] GC(3) Concurrent Scan Root Regions
[2026-02-07T01:41:31.625+0000][2.660s] GC(3) Concurrent Scan Root Regions 3.063ms
[2026-02-07T01:41:31.626+0000][2.661s] GC(3) Concurrent Mark
[2026-02-07T01:41:31.626+0000][2.661s] GC(3) Concurrent Mark From Roots
[2026-02-07T01:41:31.626+0000][2.662s] GC(3) Using 4 workers of 4 for marking
[2026-02-07T01:41:31.630+0000][2.665s] GC(3) Concurrent Mark From Roots 3.984ms
[2026-02-07T01:41:31.631+0000][2.666s] GC(3) Concurrent Preclean
[2026-02-07T01:41:31.632+0000][2.667s] GC(3) Concurrent Preclean 0.754ms
[2026-02-07T01:41:31.633+0000][2.668s] GC(3) Pause Remark
[2026-02-07T01:41:31.637+0000][2.672s] GC(3) Pause Remark 24M->24M(512M) 4.403ms
[2026-02-07T01:41:31.637+0000][2.673s] GC(3) User=0.01s Sys=0.00s Real=0.00s
[2026-02-07T01:41:31.638+0000][2.674s] GC(3) Concurrent Mark 12.611ms
[2026-02-07T01:41:31.639+0000][2.674s] GC(3) Concurrent Rebuild Remembered Sets
[2026-02-07T01:41:31.642+0000][2.678s] GC(3) Concurrent Rebuild Remembered Sets 3.511ms
[2026-02-07T01:41:31.643+0000][2.678s] GC(3) Pause Cleanup
[2026-02-07T01:41:31.644+0000][2.680s] GC(3) Pause Cleanup 24M->24M(512M) 1.358ms
[2026-02-07T01:41:31.645+0000][2.680s] GC(3) User=0.00s Sys=0.00s Real=0.00s
[2026-02-07T01:41:31.645+0000][2.681s] GC(3) Concurrent Cleanup for Next Mark
[2026-02-07T01:41:31.647+0000][2.683s] GC(3) Concurrent Cleanup for Next Mark 2.313ms
[2026-02-07T01:41:31.648+0000][2.683s] GC(3) Concurrent Mark Cycle 27.332ms
[2026-02-07T01:41:33.595+0000][4.631s] GC(4) Pause Young (Concurrent Start) (Metadata GC Threshold)
[2026-02-07T01:41:33.598+0000][4.634s] GC(4) Using 16 workers of 16 for evacuation
[2026-02-07T01:41:33.614+0000][4.649s] GC(4)   Pre Evacuate Collection Set: 0.74ms
[2026-02-07T01:41:33.614+0000][4.650s] GC(4)   Merge Heap Roots: 0.35ms
[2026-02-07T01:41:33.616+0000][4.652s] GC(4)   Evacuate Collection Set: 11.19ms
[2026-02-07T01:41:33.619+0000][4.654s] GC(4)   Post Evacuate Collection Set: 2.53ms
[2026-02-07T01:41:33.619+0000][4.655s] GC(4)   Other: 3.80ms
[2026-02-07T01:41:33.620+0000][4.655s] GC(4) Eden regions: 106->0(297)
[2026-02-07T01:41:33.620+0000][4.656s] GC(4) Survivor regions: 5->10(14)
[2026-02-07T01:41:33.620+0000][4.656s] GC(4) Old regions: 15->15
[2026-02-07T01:41:33.621+0000][4.656s] GC(4) Archive regions: 2->2
[2026-02-07T01:41:33.621+0000][4.657s] GC(4) Humongous regions: 4->4
[2026-02-07T01:41:33.622+0000][4.657s] GC(4) Metaspace: 35819K(36160K)->35819K(36160K) NonClass: 31381K(31552K)->31381K(31552K) Class: 4438K(4608K)->4438K(4608K)
[2026-02-07T01:41:33.622+0000][4.658s] GC(4) Pause Young (Concurrent Start) (Metadata GC Threshold) 129M->29M(512M) 27.023ms
[2026-02-07T01:41:33.623+0000][4.658s] GC(4) User=0.13s Sys=0.02s Real=0.03s
[2026-02-07T01:41:33.623+0000][4.659s] GC(5) Concurrent Mark Cycle
[2026-02-07T01:41:33.624+0000][4.659s] GC(5) Concurrent Clear Claimed Marks
[2026-02-07T01:41:33.624+0000][4.660s] GC(5) Concurrent Clear Claimed Marks 0.848ms
[2026-02-07T01:41:33.625+0000][4.660s] GC(5) Concurrent Scan Root Regions
[2026-02-07T01:41:33.628+0000][4.664s] GC(5) Concurrent Scan Root Regions 3.677ms
[2026-02-07T01:41:33.629+0000][4.665s] GC(5) Concurrent Mark
[2026-02-07T01:41:33.630+0000][4.665s] GC(5) Concurrent Mark From Roots
[2026-02-07T01:41:33.631+0000][4.666s] GC(5) Using 4 workers of 4 for marking
[2026-02-07T01:41:33.639+0000][4.675s] GC(5) Concurrent Mark From Roots 9.207ms
[2026-02-07T01:41:33.640+0000][4.675s] GC(5) Concurrent Preclean
[2026-02-07T01:41:33.641+0000][4.676s] GC(5) Concurrent Preclean 1.046ms
[2026-02-07T01:41:33.642+0000][4.677s] GC(5) Pause Remark
[2026-02-07T01:41:33.647+0000][4.682s] GC(5) Pause Remark 31M->31M(512M) 5.064ms
[2026-02-07T01:41:33.647+0000][4.683s] GC(5) User=0.00s Sys=0.01s Real=0.01s
[2026-02-07T01:41:33.648+0000][4.684s] GC(5) Concurrent Mark 19.131ms
[2026-02-07T01:41:33.651+0000][4.687s] GC(5) Concurrent Rebuild Remembered Sets
[2026-02-07T01:41:33.659+0000][4.694s] GC(5) Concurrent Rebuild Remembered Sets 7.492ms
[2026-02-07T01:41:33.659+0000][4.695s] GC(5) Pause Cleanup
[2026-02-07T01:41:33.660+0000][4.695s] GC(5) Pause Cleanup 31M->31M(512M) 0.777ms
[2026-02-07T01:41:33.660+0000][4.696s] GC(5) User=0.00s Sys=0.00s Real=0.00s
[2026-02-07T01:41:33.661+0000][4.697s] GC(5) Concurrent Cleanup for Next Mark
[2026-02-07T01:41:33.665+0000][4.700s] GC(5) Concurrent Cleanup for Next Mark 3.715ms
[2026-02-07T01:41:33.665+0000][4.701s] GC(5) Concurrent Mark Cycle 42.089ms
[2026-02-07T01:41:49.409+0000][20.444s] Heap
[2026-02-07T01:41:49.410+0000][20.445s]  garbage-first heap   total 524288K, used 296226K [0x00000000e0000000, 0x0000000100000000)
[2026-02-07T01:41:49.410+0000][20.446s]   region size 1024K, 270 young (276480K), 10 survivors (10240K)
[2026-02-07T01:41:49.411+0000][20.447s]  Metaspace       used 54581K, committed 55168K, reserved 1114112K
[2026-02-07T01:41:49.412+0000][20.447s]   class space    used 6960K, committed 7232K, reserved 1048576K
