[2026-02-07T01:39:58.463+0000][0.088s] Using G1
[2026-02-07T01:39:58.611+0000][0.236s] Version: 17.0.18+8 (release)
[2026-02-07T01:39:58.611+0000][0.237s] CPUs: 22 total, 22 available
[2026-02-07T01:39:58.612+0000][0.237s] Memory: 7664M
[2026-02-07T01:39:58.612+0000][0.238s] Large Page Support: Disabled
[2026-02-07T01:39:58.613+0000][0.238s] NUMA Support: Disabled
[2026-02-07T01:39:58.613+0000][0.239s] Compressed Oops: Enabled (32-bit)
[2026-02-07T01:39:58.614+0000][0.239s] Heap Region Size: 1M
[2026-02-07T01:39:58.614+0000][0.239s] Heap Min Capacity: 512M
[2026-02-07T01:39:58.615+0000][0.240s] Heap Initial Capacity: 512M
[2026-02-07T01:39:58.617+0000][0.242s] Heap Max Capacity: 512M
[2026-02-07T01:39:58.617+0000][0.242s] Pre-touch: Enabled
[2026-02-07T01:39:58.618+0000][0.243s] Parallel Workers: 16
[2026-02-07T01:39:58.618+0000][0.243s] Concurrent Workers: 4
[2026-02-07T01:39:58.618+0000][0.244s] Concurrent Refinement Workers: 16
[2026-02-07T01:39:58.619+0000][0.244s] Periodic GC: Disabled
[2026-02-07T01:39:58.631+0000][0.257s] CDS archive(s) mapped at: [0x0000734f87000000-0x0000734f87a60000-0x0000734f87a60000), size 10878976, SharedBaseAddress: 0x0000734f87000000, ArchiveRelocationMode: 1.
[2026-02-07T01:39:58.632+0000][0.257s] Compressed class space mapped at: 0x0000734f88000000-0x0000734fc8000000, reserved size: 1073741824
[2026-02-07T01:39:58.632+0000][0.257s] Narrow klass base: 0x0000734f87000000, Narrow klass shift: 0, Narrow klass range: 0x100000000
[2026-02-07T01:39:59.800+0000][1.425s] GC(0) Pause Young (Normal) (G1 Evacuation Pause)
[2026-02-07T01:39:59.800+0000][1.425s] GC(0) Using 12 workers of 16 for evacuation
[2026-02-07T01:39:59.805+0000][1.431s] GC(0)   Pre Evacuate Collection Set: 0.27ms
[2026-02-07T01:39:59.806+0000][1.431s] GC(0)   Merge Heap Roots: 0.27ms
[2026-02-07T01:39:59.806+0000][1.431s] GC(0)   Evacuate Collection Set: 3.53ms
[2026-02-07T01:39:59.806+0000][1.431s] GC(0)   Post Evacuate Collection Set: 0.77ms
[2026-02-07T01:39:59.806+0000][1.431s] GC(0)   Other: 0.89ms
[2026-02-07T01:39:59.806+0000][1.432s] GC(0) Eden regions: 29->0(61)
[2026-02-07T01:39:59.807+0000][1.432s] GC(0) Survivor regions: 0->4(4)
[2026-02-07T01:39:59.807+0000][1.432s] GC(0) Old regions: 0->0
[2026-02-07T01:39:59.807+0000][1.432s] GC(0) Archive regions: 2->2
[2026-02-07T01:39:59.807+0000][1.432s] GC(0) Humongous regions: 0->0
[2026-02-07T01:39:59.807+0000][1.433s] GC(0) Metaspace: 9750K(9984K)->9750K(9984K) NonClass: 8565K(8704K)->8565K(8704K) Class: 1185K(1280K)->1185K(1280K)
[2026-02-07T01:39:59.808+0000][1.433s] GC(0) Pause Young (Normal) (G1 Evacuation Pause) 29M->4M(512M) 8.067ms
[2026-02-07T01:39:59.808+0000][1.433s] GC(0) User=0.02s Sys=0.02s Real=0.01s
[2026-02-07T01:40:00.531+0000][2.157s] GC(1) Pause Young (Normal) (G1 Evacuation Pause)
[2026-02-07T01:40:00.532+0000][2.157s] GC(1) Using 16 workers of 16 for evacuation
[2026-02-07T01:40:00.542+0000][2.168s] GC(1)   Pre Evacuate Collection Set: 0.34ms
[2026-02-07T01:40:00.543+0000][2.168s] GC(1)   Merge Heap Roots: 0.28ms
[2026-02-07T01:40:00.543+0000][2.168s] GC(1)   Evacuate Collection Set: 8.20ms
[2026-02-07T01:40:00.543+0000][2.169s] GC(1)   Post Evacuate Collection Set: 1.13ms
[2026-02-07T01:40:00.544+0000][2.169s] GC(1)   Other: 1.02ms
[2026-02-07T01:40:00.544+0000][2.169s] GC(1) Eden regions: 61->0(80)
[2026-02-07T01:40:00.544+0000][2.169s] GC(1) Survivor regions: 4->9(9)
[2026-02-07T01:40:00.544+0000][2.169s] GC(1) Old regions: 0->6
[2026-02-07T01:40:00.544+0000][2.170s] GC(1) Archive regions: 2->2
[2026-02-07T01:40:00.544+0000][2.170s] GC(1) Humongous regions: 4->4
[2026-02-07T01:40:00.545+0000][2.170s] GC(1) Metaspace: 16851K(17152K)->16851K(17152K) NonClass: 14828K(14976K)->14828K(14976K) Class: 2022K(2176K)->2022K(2176K)
[2026-02-07T01:40:00.545+0000][2.170s] GC(1) Pause Young (Normal) (G1 Evacuation Pause) 69M->19M(512M) 13.535ms
[2026-02-07T01:40:00.545+0000][2.171s] GC(1) User=0.06s Sys=0.02s Real=0.02s
[2026-02-07T01:40:01.038+0000][2.664s] GC(2) Pause Young (Concurrent Start) (Metadata GC Threshold)
[2026-02-07T01:40:01.039+0000][2.664s] GC(2) Using 16 workers of 16 for evacuation
[2026-02-07T01:40:01.047+0000][2.672s] GC(2)   Pre Evacuate Collection Set: 0.35ms
[2026-02-07T01:40:01.047+0000][2.672s] GC(2)   Merge Heap Roots: 0.24ms
[2026-02-07T01:40:01.047+0000][2.673s] GC(2)   Evacuate Collection Set: 5.01ms
[2026-02-07T01:40:01.048+0000][2.673s] GC(2)   Post Evacuate Collection Set: 1.13ms
[2026-02-07T01:40:01.048+0000][2.673s] GC(2)   Other: 1.65ms
[2026-02-07T01:40:01.048+0000][2.673s] GC(2) Eden regions: 61->0(107)
[2026-02-07T01:40:01.048+0000][2.673s] GC(2) Survivor regions: 9->5(11)
[2026-02-07T01:40:01.048+0000][2.674s] GC(2) Old regions: 6->15
[2026-02-07T01:40:01.049+0000][2.674s] GC(2) Archive regions: 2->2
[2026-02-07T01:40:01.049+0000][2.674s] GC(2) Humongous regions: 4->4
[2026-02-07T01:40:01.049+0000][2.674s] GC(2) Metaspace: 21194K(21504K)->21194K(21504K) NonClass: 18633K(18752K)->18633K(18752K) Class: 2560K(2752K)->2560K(2752K)
[2026-02-07T01:40:01.049+0000][2.674s] GC(2) Pause Young (Concurrent Start) (Metadata GC Threshold) 80M->23M(512M) 10.806ms
[2026-02-07T01:40:01.049+0000][2.675s] GC(2) User=0.05s Sys=0.01s Real=0.01s
[2026-02-07T01:40:01.050+0000][2.675s] GC(3) Concurrent Mark Cycle
[2026-02-07T01:40:01.050+0000][2.675s] GC(3) Concurrent Clear Claimed Marks
[2026-02-07T01:40:01.050+0000][2.676s] GC(3) Concurrent Clear Claimed Marks 0.266ms
[2026-02-07T01:40:01.051+0000][2.676s] GC(3) Concurrent Scan Root Regions
[2026-02-07T01:40:01.054+0000][2.679s] GC(3) Concurrent Scan Root Regions 3.281ms
[2026-02-07T01:40:01.055+0000][2.680s] GC(3) Concurrent Mark
[2026-02-07T01:40:01.055+0000][2.681s] GC(3) Concurrent Mark From Roots
[2026-02-07T01:40:01.056+0000][2.681s] GC(3) Using 4 workers of 4 for marking
[2026-02-07T01:40:01.060+0000][2.685s] GC(3) Concurrent Mark From Roots 4.246ms
[2026-02-07T01:40:01.060+0000][2.685s] GC(3) Concurrent Preclean
[2026-02-07T01:40:01.061+0000][2.686s] GC(3) Concurrent Preclean 0.699ms
[2026-02-07T01:40:01.061+0000][2.687s] GC(3) Pause Remark
[2026-02-07T01:40:01.065+0000][2.690s] GC(3) Pause Remark 24M->24M(512M) 3.627ms
[2026-02-07T01:40:01.065+0000][2.691s] GC(3) User=0.01s Sys=0.00s Real=0.00s
[2026-02-07T01:40:01.066+0000][2.691s] GC(3) Concurrent Mark 10.835ms
[2026-02-07T01:40:01.066+0000][2.691s] GC(3) Concurrent Rebuild Remembered Sets
[2026-02-07T01:40:01.069+0000][2.694s] GC(3) Concurrent Rebuild Remembered Sets 3.279ms
[2026-02-07T01:40:01.074+0000][2.700s] GC(3) Pause Cleanup
[2026-02-07T01:40:01.075+0000][2.700s] GC(3) Pause Cleanup 25M->25M(512M) 0.699ms
[2026-02-07T01:40:01.075+0000][2.701s] GC(3) User=0.00s Sys=0.00s Real=0.00s
[2026-02-07T01:40:01.076+0000][2.701s] GC(3) Concurrent Cleanup for Next Mark
[2026-02-07T01:40:01.076+0000][2.702s] GC(3) Concurrent Cleanup for Next Mark 0.717ms
[2026-02-07T01:40:01.077+0000][2.702s] GC(3) Concurrent Mark Cycle 26.998ms
[2026-02-07T01:40:02.750+0000][4.375s] GC(4) Pause Young (Concurrent Start) (Metadata GC Threshold)
[2026-02-07T01:40:02.750+0000][4.375s] GC(4) Using 16 workers of 16 for evacuation
[2026-02-07T01:40:02.761+0000][4.386s] GC(4)   Pre Evacuate Collection Set: 0.75ms
[2026-02-07T01:40:02.762+0000][4.387s] GC(4)   Merge Heap Roots: 0.63ms
[2026-02-07T01:40:02.763+0000][4.388s] GC(4)   Evacuate Collection Set: 6.32ms
[2026-02-07T01:40:02.763+0000][4.389s] GC(4)   Post Evacuate Collection Set: 2.03ms
[2026-02-07T01:40:02.764+0000][4.389s] GC(4)   Other: 1.22ms
[2026-02-07T01:40:02.765+0000][4.390s] GC(4) Eden regions: 99->0(297)
[2026-02-07T01:40:02.765+0000][4.391s] GC(4) Survivor regions: 5->10(14)
[2026-02-07T01:40:02.766+0000][4.391s] GC(4) Old regions: 15->15
[2026-02-07T01:40:02.766+0000][4.392s] GC(4) Archive regions: 2->2
[2026-02-07T01:40:02.767+0000][4.392s] GC(4) Humongous regions: 4->4
[2026-02-07T01:40:02.768+0000][4.393s] GC(4) Metaspace: 35803K(36160K)->35803K(36160K) NonClass: 31364K(31552K)->31364K(31552K) Class: 4438K(4608K)->4438K(4608K)
[2026-02-07T01:40:02.768+0000][4.393s] GC(4) Pause Young (Concurrent Start) (Metadata GC Threshold) 122M->29M(512M) 18.322ms
[2026-02-07T01:40:02.769+0000][4.394s] GC(4) User=0.03s Sys=0.00s Real=0.02s
[2026-02-07T01:40:02.770+0000][4.395s] GC(5) Concurrent Mark Cycle
[2026-02-07T01:40:02.770+0000][4.395s] GC(5) Concurrent Clear Claimed Marks
[2026-02-07T01:40:02.771+0000][4.396s] GC(5) Concurrent Clear Claimed Marks 0.746ms
[2026-02-07T01:40:02.772+0000][4.397s] GC(5) Concurrent Scan Root Regions
[2026-02-07T01:40:02.774+0000][4.400s] GC(5) Concurrent Scan Root Regions 2.762ms
[2026-02-07T01:40:02.775+0000][4.400s] GC(5) Concurrent Mark
[2026-02-07T01:40:02.775+0000][4.401s] GC(5) Concurrent Mark From Roots
[2026-02-07T01:40:02.776+0000][4.401s] GC(5) Using 4 workers of 4 for marking
[2026-02-07T01:40:02.786+0000][4.411s] GC(5) Concurrent Mark From Roots 10.430ms
[2026-02-07T01:40:02.786+0000][4.412s] GC(5) Concurrent Preclean
[2026-02-07T01:40:02.787+0000][4.413s] GC(5) Concurrent Preclean 0.952ms
[2026-02-07T01:40:02.788+0000][4.414s] GC(5) Pause Remark
[2026-02-07T01:40:02.793+0000][4.418s] GC(5) Pause Remark 31M->31M(512M) 4.535ms
[2026-02-07T01:40:02.794+0000][4.419s] GC(5) User=0.02s Sys=0.00s Real=0.01s
[2026-02-07T01:40:02.794+0000][4.420s] GC(5) Concurrent Mark 19.550ms
[2026-02-07T01:40:02.795+0000][4.420s] GC(5) Concurrent Rebuild Remembered Sets
[2026-02-07T01:40:02.800+0000][4.425s] GC(5) Concurrent Rebuild Remembered Sets 4.695ms
[2026-02-07T01:40:02.800+0000][4.426s] GC(5) Pause Cleanup
[2026-02-07T01:40:02.802+0000][4.427s] GC(5) Pause Cleanup 31M->31M(512M) 1.073ms
[2026-02-07T01:40:02.802+0000][4.428s] GC(5) User=0.01s Sys=0.00s Real=0.01s
[2026-02-07T01:40:02.803+0000][4.428s] GC(5) Concurrent Cleanup for Next Mark
[2026-02-07T01:40:02.804+0000][4.429s] GC(5) Concurrent Cleanup for Next Mark 1.068ms
[2026-02-07T01:40:02.805+0000][4.430s] GC(5) Concurrent Mark Cycle 35.004ms
[2026-02-07T01:40:36.339+0000][37.968s] Heap
[2026-02-07T01:40:36.340+0000][37.969s]  garbage-first heap   total 524288K, used 127203K [0x00000000e0000000, 0x0000000100000000)
[2026-02-07T01:40:36.340+0000][37.969s]   region size 1024K, 105 young (107520K), 10 survivors (10240K)
[2026-02-07T01:40:36.341+0000][37.970s]  Metaspace       used 45573K, committed 46080K, reserved 1114112K
[2026-02-07T01:40:36.341+0000][37.970s]   class space    used 5792K, committed 6016K, reserved 1048576K
