[2026-02-07T01:49:19.528+0000][0.131s] Using G1
[2026-02-07T01:49:19.641+0000][0.244s] Version: 17.0.18+8 (release)
[2026-02-07T01:49:19.642+0000][0.245s] CPUs: 22 total, 22 available
[2026-02-07T01:49:19.642+0000][0.245s] Memory: 7664M
[2026-02-07T01:49:19.643+0000][0.245s] Large Page Support: Disabled
[2026-02-07T01:49:19.643+0000][0.246s] NUMA Support: Disabled
[2026-02-07T01:49:19.643+0000][0.246s] Compressed Oops: Enabled (32-bit)
[2026-02-07T01:49:19.644+0000][0.246s] Heap Region Size: 1M
[2026-02-07T01:49:19.644+0000][0.247s] Heap Min Capacity: 512M
[2026-02-07T01:49:19.645+0000][0.247s] Heap Initial Capacity: 512M
[2026-02-07T01:49:19.647+0000][0.249s] Heap Max Capacity: 512M
[2026-02-07T01:49:19.647+0000][0.250s] Pre-touch: Enabled
[2026-02-07T01:49:19.648+0000][0.251s] Parallel Workers: 16
[2026-02-07T01:49:19.649+0000][0.251s] Concurrent Workers: 4
[2026-02-07T01:49:19.649+0000][0.252s] Concurrent Refinement Workers: 16
[2026-02-07T01:49:19.650+0000][0.252s] Periodic GC: Disabled
[2026-02-07T01:49:19.662+0000][0.265s] CDS archive(s) mapped at: [0x000072aceb000000-0x000072aceba60000-0x000072aceba60000), size 10878976, SharedBaseAddress: 0x000072aceb000000, ArchiveRelocationMode: 1.
[2026-02-07T01:49:19.663+0000][0.265s] Compressed class space mapped at: 0x000072acec000000-0x000072ad2c000000, reserved size: 1073741824
[2026-02-07T01:49:19.663+0000][0.266s] Narrow klass base: 0x000072aceb000000, Narrow klass shift: 0, Narrow klass range: 0x100000000
[2026-02-07T01:49:20.992+0000][1.594s] GC(0) Pause Young (Normal) (G1 Evacuation Pause)
[2026-02-07T01:49:21.000+0000][1.603s] GC(0) Using 12 workers of 16 for evacuation
[2026-02-07T01:49:21.006+0000][1.609s] GC(0)   Pre Evacuate Collection Set: 0.32ms
[2026-02-07T01:49:21.007+0000][1.609s] GC(0)   Merge Heap Roots: 0.19ms
[2026-02-07T01:49:21.007+0000][1.610s] GC(0)   Evacuate Collection Set: 3.96ms
[2026-02-07T01:49:21.007+0000][1.610s] GC(0)   Post Evacuate Collection Set: 1.17ms
[2026-02-07T01:49:21.008+0000][1.610s] GC(0)   Other: 9.16ms
[2026-02-07T01:49:21.008+0000][1.611s] GC(0) Eden regions: 29->0(60)
[2026-02-07T01:49:21.008+0000][1.611s] GC(0) Survivor regions: 0->4(4)
[2026-02-07T01:49:21.011+0000][1.614s] GC(0) Old regions: 0->0
[2026-02-07T01:49:21.020+0000][1.623s] GC(0) Archive regions: 2->2
[2026-02-07T01:49:21.021+0000][1.623s] GC(0) Humongous regions: 0->0
[2026-02-07T01:49:21.021+0000][1.624s] GC(0) Metaspace: 9734K(9984K)->9734K(9984K) NonClass: 8549K(8704K)->8549K(8704K) Class: 1185K(1280K)->1185K(1280K)
[2026-02-07T01:49:21.021+0000][1.624s] GC(0) Pause Young (Normal) (G1 Evacuation Pause) 29M->4M(512M) 29.709ms
[2026-02-07T01:49:21.038+0000][1.641s] GC(0) User=0.04s Sys=0.00s Real=0.05s
[2026-02-07T01:49:21.936+0000][2.539s] GC(1) Pause Young (Normal) (G1 Evacuation Pause)
[2026-02-07T01:49:21.937+0000][2.539s] GC(1) Using 16 workers of 16 for evacuation
[2026-02-07T01:49:21.945+0000][2.548s] GC(1)   Pre Evacuate Collection Set: 0.34ms
[2026-02-07T01:49:21.946+0000][2.549s] GC(1)   Merge Heap Roots: 0.29ms
[2026-02-07T01:49:21.946+0000][2.549s] GC(1)   Evacuate Collection Set: 6.11ms
[2026-02-07T01:49:21.947+0000][2.549s] GC(1)   Post Evacuate Collection Set: 1.33ms
[2026-02-07T01:49:21.947+0000][2.550s] GC(1)   Other: 1.33ms
[2026-02-07T01:49:21.947+0000][2.550s] GC(1) Eden regions: 60->0(79)
[2026-02-07T01:49:21.948+0000][2.550s] GC(1) Survivor regions: 4->8(8)
[2026-02-07T01:49:21.948+0000][2.551s] GC(1) Old regions: 0->7
[2026-02-07T01:49:21.948+0000][2.551s] GC(1) Archive regions: 2->2
[2026-02-07T01:49:21.949+0000][2.551s] GC(1) Humongous regions: 4->4
[2026-02-07T01:49:21.949+0000][2.552s] GC(1) Metaspace: 16839K(17152K)->16839K(17152K) NonClass: 14816K(14976K)->14816K(14976K) Class: 2022K(2176K)->2022K(2176K)
[2026-02-07T01:49:21.949+0000][2.552s] GC(1) Pause Young (Normal) (G1 Evacuation Pause) 68M->19M(512M) 13.234ms
[2026-02-07T01:49:21.950+0000][2.552s] GC(1) User=0.07s Sys=0.01s Real=0.01s
[2026-02-07T01:49:22.424+0000][3.027s] GC(2) Pause Young (Concurrent Start) (Metadata GC Threshold)
[2026-02-07T01:49:22.425+0000][3.028s] GC(2) Using 16 workers of 16 for evacuation
[2026-02-07T01:49:22.435+0000][3.037s] GC(2)   Pre Evacuate Collection Set: 0.40ms
[2026-02-07T01:49:22.436+0000][3.039s] GC(2)   Merge Heap Roots: 0.31ms
[2026-02-07T01:49:22.437+0000][3.040s] GC(2)   Evacuate Collection Set: 6.18ms
[2026-02-07T01:49:22.437+0000][3.040s] GC(2)   Post Evacuate Collection Set: 1.62ms
[2026-02-07T01:49:22.438+0000][3.041s] GC(2)   Other: 2.34ms
[2026-02-07T01:49:22.439+0000][3.042s] GC(2) Eden regions: 62->0(124)
[2026-02-07T01:49:22.440+0000][3.042s] GC(2) Survivor regions: 8->5(11)
[2026-02-07T01:49:22.441+0000][3.043s] GC(2) Old regions: 7->15
[2026-02-07T01:49:22.441+0000][3.044s] GC(2) Archive regions: 2->2
[2026-02-07T01:49:22.442+0000][3.045s] GC(2) Humongous regions: 4->4
[2026-02-07T01:49:22.443+0000][3.046s] GC(2) Metaspace: 21168K(21504K)->21168K(21504K) NonClass: 18607K(18752K)->18607K(18752K) Class: 2560K(2752K)->2560K(2752K)
[2026-02-07T01:49:22.444+0000][3.047s] GC(2) Pause Young (Concurrent Start) (Metadata GC Threshold) 81M->23M(512M) 20.041ms
[2026-02-07T01:49:22.445+0000][3.048s] GC(2) User=0.08s Sys=0.01s Real=0.02s
[2026-02-07T01:49:22.446+0000][3.049s] GC(3) Concurrent Mark Cycle
[2026-02-07T01:49:22.446+0000][3.049s] GC(3) Concurrent Clear Claimed Marks
[2026-02-07T01:49:22.447+0000][3.050s] GC(3) Concurrent Clear Claimed Marks 0.336ms
[2026-02-07T01:49:22.448+0000][3.050s] GC(3) Concurrent Scan Root Regions
[2026-02-07T01:49:22.459+0000][3.061s] GC(3) Concurrent Scan Root Regions 11.013ms
[2026-02-07T01:49:22.460+0000][3.063s] GC(3) Concurrent Mark
[2026-02-07T01:49:22.461+0000][3.064s] GC(3) Concurrent Mark From Roots
[2026-02-07T01:49:22.461+0000][3.064s] GC(3) Using 4 workers of 4 for marking
[2026-02-07T01:49:22.469+0000][3.072s] GC(3) Concurrent Mark From Roots 7.970ms
[2026-02-07T01:49:22.470+0000][3.073s] GC(3) Concurrent Preclean
[2026-02-07T01:49:22.472+0000][3.075s] GC(3) Concurrent Preclean 2.035ms
[2026-02-07T01:49:22.473+0000][3.076s] GC(3) Pause Remark
[2026-02-07T01:49:22.479+0000][3.081s] GC(3) Pause Remark 25M->25M(512M) 5.547ms
[2026-02-07T01:49:22.479+0000][3.082s] GC(3) User=0.00s Sys=0.00s Real=0.00s
[2026-02-07T01:49:22.480+0000][3.083s] GC(3) Concurrent Mark 19.605ms
[2026-02-07T01:49:22.480+0000][3.083s] GC(3) Concurrent Rebuild Remembered Sets
[2026-02-07T01:49:22.489+0000][3.092s] GC(3) Concurrent Rebuild Remembered Sets 8.455ms
[2026-02-07T01:49:22.491+0000][3.093s] GC(3) Pause Cleanup
[2026-02-07T01:49:22.491+0000][3.094s] GC(3) Pause Cleanup 25M->25M(512M) 0.717ms
[2026-02-07T01:49:22.492+0000][3.094s] GC(3) User=0.00s Sys=0.00s Real=0.00s
[2026-02-07T01:49:22.492+0000][3.095s] GC(3) Concurrent Cleanup for Next Mark
[2026-02-07T01:49:22.495+0000][3.097s] GC(3) Concurrent Cleanup for Next Mark 2.311ms
[2026-02-07T01:49:22.495+0000][3.098s] GC(3) Concurrent Mark Cycle 49.007ms
[2026-02-07T01:49:24.140+0000][4.745s] GC(4) Pause Young (Concurrent Start) (Metadata GC Threshold)
[2026-02-07T01:49:24.140+0000][4.746s] GC(4) Using 16 workers of 16 for evacuation
[2026-02-07T01:49:24.153+0000][4.759s] GC(4)   Pre Evacuate Collection Set: 0.35ms
[2026-02-07T01:49:24.154+0000][4.760s] GC(4)   Merge Heap Roots: 0.31ms
[2026-02-07T01:49:24.154+0000][4.760s] GC(4)   Evacuate Collection Set: 10.13ms
[2026-02-07T01:49:24.155+0000][4.760s] GC(4)   Post Evacuate Collection Set: 2.03ms
[2026-02-07T01:49:24.155+0000][4.760s] GC(4)   Other: 1.08ms
[2026-02-07T01:49:24.155+0000][4.761s] GC(4) Eden regions: 104->0(296)
[2026-02-07T01:49:24.155+0000][4.761s] GC(4) Survivor regions: 5->11(17)
[2026-02-07T01:49:24.156+0000][4.761s] GC(4) Old regions: 15->15
[2026-02-07T01:49:24.156+0000][4.762s] GC(4) Archive regions: 2->2
[2026-02-07T01:49:24.156+0000][4.762s] GC(4) Humongous regions: 4->4
[2026-02-07T01:49:24.156+0000][4.762s] GC(4) Metaspace: 35903K(36288K)->35903K(36288K) NonClass: 31437K(31616K)->31437K(31616K) Class: 4465K(4672K)->4465K(4672K)
[2026-02-07T01:49:24.157+0000][4.762s] GC(4) Pause Young (Concurrent Start) (Metadata GC Threshold) 127M->29M(512M) 17.076ms
[2026-02-07T01:49:24.157+0000][4.763s] GC(4) User=0.10s Sys=0.02s Real=0.01s
[2026-02-07T01:49:24.157+0000][4.763s] GC(5) Concurrent Mark Cycle
[2026-02-07T01:49:24.158+0000][4.764s] GC(5) Concurrent Clear Claimed Marks
[2026-02-07T01:49:24.163+0000][4.769s] GC(5) Concurrent Clear Claimed Marks 5.354ms
[2026-02-07T01:49:24.164+0000][4.770s] GC(5) Concurrent Scan Root Regions
[2026-02-07T01:49:24.166+0000][4.772s] GC(5) Concurrent Scan Root Regions 2.509ms
[2026-02-07T01:49:24.167+0000][4.772s] GC(5) Concurrent Mark
[2026-02-07T01:49:24.167+0000][4.773s] GC(5) Concurrent Mark From Roots
[2026-02-07T01:49:24.168+0000][4.773s] GC(5) Using 4 workers of 4 for marking
[2026-02-07T01:49:24.182+0000][4.788s] GC(5) Concurrent Mark From Roots 15.277ms
[2026-02-07T01:49:24.183+0000][4.789s] GC(5) Concurrent Preclean
[2026-02-07T01:49:24.184+0000][4.790s] GC(5) Concurrent Preclean 0.882ms
[2026-02-07T01:49:24.185+0000][4.790s] GC(5) Pause Remark
[2026-02-07T01:49:24.191+0000][4.797s] GC(5) Pause Remark 32M->32M(512M) 6.747ms
[2026-02-07T01:49:24.192+0000][4.798s] GC(5) User=0.01s Sys=0.00s Real=0.01s
[2026-02-07T01:49:24.192+0000][4.798s] GC(5) Concurrent Mark 25.756ms
[2026-02-07T01:49:24.195+0000][4.801s] GC(5) Concurrent Rebuild Remembered Sets
[2026-02-07T01:49:24.199+0000][4.805s] GC(5) Concurrent Rebuild Remembered Sets 4.106ms
[2026-02-07T01:49:24.201+0000][4.806s] GC(5) Pause Cleanup
[2026-02-07T01:49:24.201+0000][4.807s] GC(5) Pause Cleanup 33M->33M(512M) 0.505ms
[2026-02-07T01:49:24.202+0000][4.807s] GC(5) User=0.01s Sys=0.01s Real=0.00s
[2026-02-07T01:49:24.202+0000][4.808s] GC(5) Concurrent Cleanup for Next Mark
[2026-02-07T01:49:24.208+0000][4.814s] GC(5) Concurrent Cleanup for Next Mark 5.631ms
[2026-02-07T01:49:24.209+0000][4.814s] GC(5) Concurrent Mark Cycle 51.272ms
[2026-02-07T01:52:50.976+0000][211.603s] Heap
[2026-02-07T01:52:50.977+0000][211.603s]  garbage-first heap   total 524288K, used 235335K [0x00000000e0000000, 0x0000000100000000)
[2026-02-07T01:52:50.977+0000][211.604s]   region size 1024K, 211 young (216064K), 11 survivors (11264K)
[2026-02-07T01:52:50.978+0000][211.604s]  Metaspace       used 52538K, committed 53120K, reserved 1114112K
[2026-02-07T01:52:50.978+0000][211.605s]   class space    used 6771K, committed 7040K, reserved 1048576K
